<?xml version="1.0"?>
<link_info>
   <banner>TI ARM Linker Unix v16.12.0.STS</banner>
   <copyright>Copyright (c) 1996-2015 Texas Instruments Incorporated</copyright>
   <link_time>0x58e493ae</link_time>
   <link_errors>0x0</link_errors>
   <output_file>Bachelor.out</output_file>
   <entry_point>
      <name>_c_int00</name>
      <address>0x21d1</address>
   </entry_point>
   <input_file_list>
      <input_file id="fl-2">
         <path>./</path>
         <kind>object</kind>
         <file>main.obj</file>
         <name>main.obj</name>
      </input_file>
      <input_file id="fl-3">
         <path>./</path>
         <kind>object</kind>
         <file>startup_ccs.obj</file>
         <name>startup_ccs.obj</name>
      </input_file>
      <input_file id="fl-4">
         <path>./CO2Task/</path>
         <kind>object</kind>
         <file>CO2Task.obj</file>
         <name>CO2Task.obj</name>
      </input_file>
      <input_file id="fl-5">
         <path>./PIRTask/</path>
         <kind>object</kind>
         <file>PIRTask.obj</file>
         <name>PIRTask.obj</name>
      </input_file>
      <input_file id="fl-6">
         <path>./accelerometerTask/</path>
         <kind>object</kind>
         <file>accelerometerTask.obj</file>
         <name>accelerometerTask.obj</name>
      </input_file>
      <input_file id="fl-7">
         <path>./buttonTask/</path>
         <kind>object</kind>
         <file>buttonTask.obj</file>
         <name>buttonTask.obj</name>
      </input_file>
      <input_file id="fl-8">
         <path>./drivers/CO2Sensor/</path>
         <kind>object</kind>
         <file>CO2.obj</file>
         <name>CO2.obj</name>
      </input_file>
      <input_file id="fl-9">
         <path>./drivers/PIR/</path>
         <kind>object</kind>
         <file>PIR.obj</file>
         <name>PIR.obj</name>
      </input_file>
      <input_file id="fl-a">
         <path>./drivers/accelerometer/</path>
         <kind>object</kind>
         <file>accelerometer.obj</file>
         <name>accelerometer.obj</name>
      </input_file>
      <input_file id="fl-b">
         <path>./drivers/button/</path>
         <kind>object</kind>
         <file>button.obj</file>
         <name>button.obj</name>
      </input_file>
      <input_file id="fl-c">
         <path>./drivers/led/</path>
         <kind>object</kind>
         <file>ledTask.obj</file>
         <name>ledTask.obj</name>
      </input_file>
      <input_file id="fl-d">
         <path>./drivers/soundDetector/</path>
         <kind>object</kind>
         <file>soundDetector.obj</file>
         <name>soundDetector.obj</name>
      </input_file>
      <input_file id="fl-e">
         <path>./inputInterpret/</path>
         <kind>object</kind>
         <file>inputInterpretTask.obj</file>
         <name>inputInterpretTask.obj</name>
      </input_file>
      <input_file id="fl-f">
         <path>./soundTask/</path>
         <kind>object</kind>
         <file>soundTask.obj</file>
         <name>soundTask.obj</name>
      </input_file>
      <input_file id="fl-10">
         <path>./stateBuffers/</path>
         <kind>object</kind>
         <file>stateBuffers.obj</file>
         <name>stateBuffers.obj</name>
      </input_file>
      <input_file id="fl-11">
         <path>./third_party/FreeRTOS/Source/</path>
         <kind>object</kind>
         <file>list.obj</file>
         <name>list.obj</name>
      </input_file>
      <input_file id="fl-12">
         <path>./third_party/FreeRTOS/Source/</path>
         <kind>object</kind>
         <file>queue.obj</file>
         <name>queue.obj</name>
      </input_file>
      <input_file id="fl-13">
         <path>./third_party/FreeRTOS/Source/</path>
         <kind>object</kind>
         <file>tasks.obj</file>
         <name>tasks.obj</name>
      </input_file>
      <input_file id="fl-14">
         <path>./third_party/FreeRTOS/Source/portable/CCS/ARM_CM4F/</path>
         <kind>object</kind>
         <file>port.obj</file>
         <name>port.obj</name>
      </input_file>
      <input_file id="fl-15">
         <path>./third_party/FreeRTOS/Source/portable/CCS/ARM_CM4F/</path>
         <kind>object</kind>
         <file>portasm.obj</file>
         <name>portasm.obj</name>
      </input_file>
      <input_file id="fl-16">
         <path>./third_party/FreeRTOS/Source/portable/MemMang/</path>
         <kind>object</kind>
         <file>heap_2.obj</file>
         <name>heap_2.obj</name>
      </input_file>
      <input_file id="fl-17">
         <path>./threading/</path>
         <kind>object</kind>
         <file>threading.obj</file>
         <name>threading.obj</name>
      </input_file>
      <input_file id="fl-18">
         <path>./utils/</path>
         <kind>object</kind>
         <file>uartstdio.obj</file>
         <name>uartstdio.obj</name>
      </input_file>
      <input_file id="fl-19">
         <path>./utils/</path>
         <kind>object</kind>
         <file>ustdlib.obj</file>
         <name>ustdlib.obj</name>
      </input_file>
      <input_file id="fl-1a">
         <path>./x/</path>
         <kind>object</kind>
         <file>x_task.obj</file>
         <name>x_task.obj</name>
      </input_file>
      <input_file id="fl-d6">
         <path>/Applications/ti/ccsv7/tools/compiler/ti-cgt-arm_16.12.0.STS/lib/</path>
         <kind>archive</kind>
         <file>rtsv7M4_T_le_v4SPD16_eabi.lib</file>
         <name>boot.obj</name>
      </input_file>
      <input_file id="fl-d7">
         <path>/Applications/ti/ccsv7/tools/compiler/ti-cgt-arm_16.12.0.STS/lib/</path>
         <kind>archive</kind>
         <file>rtsv7M4_T_le_v4SPD16_eabi.lib</file>
         <name>copy_decompress_lzss.obj</name>
      </input_file>
      <input_file id="fl-d8">
         <path>/Applications/ti/ccsv7/tools/compiler/ti-cgt-arm_16.12.0.STS/lib/</path>
         <kind>archive</kind>
         <file>rtsv7M4_T_le_v4SPD16_eabi.lib</file>
         <name>copy_decompress_none.obj</name>
      </input_file>
      <input_file id="fl-d9">
         <path>/Applications/ti/ccsv7/tools/compiler/ti-cgt-arm_16.12.0.STS/lib/</path>
         <kind>archive</kind>
         <file>rtsv7M4_T_le_v4SPD16_eabi.lib</file>
         <name>copy_zero_init.obj</name>
      </input_file>
      <input_file id="fl-da">
         <path>/Applications/ti/ccsv7/tools/compiler/ti-cgt-arm_16.12.0.STS/lib/</path>
         <kind>archive</kind>
         <file>rtsv7M4_T_le_v4SPD16_eabi.lib</file>
         <name>exit.obj</name>
      </input_file>
      <input_file id="fl-db">
         <path>/Applications/ti/ccsv7/tools/compiler/ti-cgt-arm_16.12.0.STS/lib/</path>
         <kind>archive</kind>
         <file>rtsv7M4_T_le_v4SPD16_eabi.lib</file>
         <name>fs_tod_t2.obj</name>
      </input_file>
      <input_file id="fl-dc">
         <path>/Applications/ti/ccsv7/tools/compiler/ti-cgt-arm_16.12.0.STS/lib/</path>
         <kind>archive</kind>
         <file>rtsv7M4_T_le_v4SPD16_eabi.lib</file>
         <name>memcpy_t2.obj</name>
      </input_file>
      <input_file id="fl-dd">
         <path>/Applications/ti/ccsv7/tools/compiler/ti-cgt-arm_16.12.0.STS/lib/</path>
         <kind>archive</kind>
         <file>rtsv7M4_T_le_v4SPD16_eabi.lib</file>
         <name>memset_t2.obj</name>
      </input_file>
      <input_file id="fl-de">
         <path>/Applications/ti/ccsv7/tools/compiler/ti-cgt-arm_16.12.0.STS/lib/</path>
         <kind>archive</kind>
         <file>rtsv7M4_T_le_v4SPD16_eabi.lib</file>
         <name>mpu_init.obj</name>
      </input_file>
      <input_file id="fl-df">
         <path>/Applications/ti/ccsv7/tools/compiler/ti-cgt-arm_16.12.0.STS/lib/</path>
         <kind>archive</kind>
         <file>rtsv7M4_T_le_v4SPD16_eabi.lib</file>
         <name>pre_init.obj</name>
      </input_file>
      <input_file id="fl-e0">
         <path>/Applications/ti/ccsv7/tools/compiler/ti-cgt-arm_16.12.0.STS/lib/</path>
         <kind>archive</kind>
         <file>rtsv7M4_T_le_v4SPD16_eabi.lib</file>
         <name>sprintf.obj</name>
      </input_file>
      <input_file id="fl-e1">
         <path>/Applications/ti/ccsv7/tools/compiler/ti-cgt-arm_16.12.0.STS/lib/</path>
         <kind>archive</kind>
         <file>rtsv7M4_T_le_v4SPD16_eabi.lib</file>
         <name>stkdepth_vars.obj</name>
      </input_file>
      <input_file id="fl-e2">
         <path>/Applications/ti/ccsv7/tools/compiler/ti-cgt-arm_16.12.0.STS/lib/</path>
         <kind>archive</kind>
         <file>rtsv7M4_T_le_v4SPD16_eabi.lib</file>
         <name>u_divt2.obj</name>
      </input_file>
      <input_file id="fl-e3">
         <path>/Applications/ti/ccsv7/tools/compiler/ti-cgt-arm_16.12.0.STS/lib/</path>
         <kind>archive</kind>
         <file>rtsv7M4_T_le_v4SPD16_eabi.lib</file>
         <name>_lock.obj</name>
      </input_file>
      <input_file id="fl-e4">
         <path>/Applications/ti/ccsv7/tools/compiler/ti-cgt-arm_16.12.0.STS/lib/</path>
         <kind>archive</kind>
         <file>rtsv7M4_T_le_v4SPD16_eabi.lib</file>
         <name>_printfi.obj</name>
      </input_file>
      <input_file id="fl-e5">
         <path>/Applications/ti/ccsv7/tools/compiler/ti-cgt-arm_16.12.0.STS/lib/</path>
         <kind>archive</kind>
         <file>rtsv7M4_T_le_v4SPD16_eabi.lib</file>
         <name>args_main.obj</name>
      </input_file>
      <input_file id="fl-e6">
         <path>/Applications/ti/ccsv7/tools/compiler/ti-cgt-arm_16.12.0.STS/lib/</path>
         <kind>archive</kind>
         <file>rtsv7M4_T_le_v4SPD16_eabi.lib</file>
         <name>atoi.obj</name>
      </input_file>
      <input_file id="fl-e7">
         <path>/Applications/ti/ccsv7/tools/compiler/ti-cgt-arm_16.12.0.STS/lib/</path>
         <kind>archive</kind>
         <file>rtsv7M4_T_le_v4SPD16_eabi.lib</file>
         <name>autoinit.obj</name>
      </input_file>
      <input_file id="fl-e8">
         <path>/Applications/ti/ccsv7/tools/compiler/ti-cgt-arm_16.12.0.STS/lib/</path>
         <kind>archive</kind>
         <file>rtsv7M4_T_le_v4SPD16_eabi.lib</file>
         <name>cpy_tbl.obj</name>
      </input_file>
      <input_file id="fl-e9">
         <path>/Applications/ti/ccsv7/tools/compiler/ti-cgt-arm_16.12.0.STS/lib/</path>
         <kind>archive</kind>
         <file>rtsv7M4_T_le_v4SPD16_eabi.lib</file>
         <name>ctype.obj</name>
      </input_file>
      <input_file id="fl-ea">
         <path>/Applications/ti/ccsv7/tools/compiler/ti-cgt-arm_16.12.0.STS/lib/</path>
         <kind>archive</kind>
         <file>rtsv7M4_T_le_v4SPD16_eabi.lib</file>
         <name>fd_add_t2.obj</name>
      </input_file>
      <input_file id="fl-eb">
         <path>/Applications/ti/ccsv7/tools/compiler/ti-cgt-arm_16.12.0.STS/lib/</path>
         <kind>archive</kind>
         <file>rtsv7M4_T_le_v4SPD16_eabi.lib</file>
         <name>fd_cmp_t2.obj</name>
      </input_file>
      <input_file id="fl-ec">
         <path>/Applications/ti/ccsv7/tools/compiler/ti-cgt-arm_16.12.0.STS/lib/</path>
         <kind>archive</kind>
         <file>rtsv7M4_T_le_v4SPD16_eabi.lib</file>
         <name>fd_div_t2.obj</name>
      </input_file>
      <input_file id="fl-ed">
         <path>/Applications/ti/ccsv7/tools/compiler/ti-cgt-arm_16.12.0.STS/lib/</path>
         <kind>archive</kind>
         <file>rtsv7M4_T_le_v4SPD16_eabi.lib</file>
         <name>fd_mul_t2.obj</name>
      </input_file>
      <input_file id="fl-ee">
         <path>/Applications/ti/ccsv7/tools/compiler/ti-cgt-arm_16.12.0.STS/lib/</path>
         <kind>archive</kind>
         <file>rtsv7M4_T_le_v4SPD16_eabi.lib</file>
         <name>fd_toi_t2.obj</name>
      </input_file>
      <input_file id="fl-ef">
         <path>/Applications/ti/ccsv7/tools/compiler/ti-cgt-arm_16.12.0.STS/lib/</path>
         <kind>archive</kind>
         <file>rtsv7M4_T_le_v4SPD16_eabi.lib</file>
         <name>i_div0.obj</name>
      </input_file>
      <input_file id="fl-f0">
         <path>/Applications/ti/ccsv7/tools/compiler/ti-cgt-arm_16.12.0.STS/lib/</path>
         <kind>archive</kind>
         <file>rtsv7M4_T_le_v4SPD16_eabi.lib</file>
         <name>i_tofd_t2.obj</name>
      </input_file>
      <input_file id="fl-f1">
         <path>/Applications/ti/ccsv7/tools/compiler/ti-cgt-arm_16.12.0.STS/lib/</path>
         <kind>archive</kind>
         <file>rtsv7M4_T_le_v4SPD16_eabi.lib</file>
         <name>ltoa.obj</name>
      </input_file>
      <input_file id="fl-f2">
         <path>/Applications/ti/ccsv7/tools/compiler/ti-cgt-arm_16.12.0.STS/lib/</path>
         <kind>archive</kind>
         <file>rtsv7M4_T_le_v4SPD16_eabi.lib</file>
         <name>memccpy.obj</name>
      </input_file>
      <input_file id="fl-f3">
         <path>/Applications/ti/ccsv7/tools/compiler/ti-cgt-arm_16.12.0.STS/lib/</path>
         <kind>archive</kind>
         <file>rtsv7M4_T_le_v4SPD16_eabi.lib</file>
         <name>s_frexp.obj</name>
      </input_file>
      <input_file id="fl-f4">
         <path>/Applications/ti/ccsv7/tools/compiler/ti-cgt-arm_16.12.0.STS/lib/</path>
         <kind>archive</kind>
         <file>rtsv7M4_T_le_v4SPD16_eabi.lib</file>
         <name>s_scalbn.obj</name>
      </input_file>
      <input_file id="fl-f5">
         <path>/Applications/ti/ccsv7/tools/compiler/ti-cgt-arm_16.12.0.STS/lib/</path>
         <kind>archive</kind>
         <file>rtsv7M4_T_le_v4SPD16_eabi.lib</file>
         <name>startup.obj</name>
      </input_file>
      <input_file id="fl-f6">
         <path>/Applications/ti/ccsv7/tools/compiler/ti-cgt-arm_16.12.0.STS/lib/</path>
         <kind>archive</kind>
         <file>rtsv7M4_T_le_v4SPD16_eabi.lib</file>
         <name>strchr.obj</name>
      </input_file>
      <input_file id="fl-f7">
         <path>/Applications/ti/ccsv7/tools/compiler/ti-cgt-arm_16.12.0.STS/lib/</path>
         <kind>archive</kind>
         <file>rtsv7M4_T_le_v4SPD16_eabi.lib</file>
         <name>strlen.obj</name>
      </input_file>
      <input_file id="fl-f8">
         <path>/Applications/ti/ccsv7/tools/compiler/ti-cgt-arm_16.12.0.STS/lib/</path>
         <kind>archive</kind>
         <file>rtsv7M4_T_le_v4SPD16_eabi.lib</file>
         <name>ull_div_t2.obj</name>
      </input_file>
      <input_file id="fl-f9">
         <path>/Applications/ti/ccsv7/tools/compiler/ti-cgt-arm_16.12.0.STS/lib/</path>
         <kind>archive</kind>
         <file>rtsv7M4_T_le_v4SPD16_eabi.lib</file>
         <name>errno.obj</name>
      </input_file>
      <input_file id="fl-fa">
         <path>/Applications/ti/ccsv7/tools/compiler/ti-cgt-arm_16.12.0.STS/lib/</path>
         <kind>archive</kind>
         <file>rtsv7M4_T_le_v4SPD16_eabi.lib</file>
         <name>s_copysign.obj</name>
      </input_file>
      <input_file id="fl-fb">
         <path>/Users/Katrine/ti/tirex-content/TivaWare_C_Series-2.1.3.156/driverlib/ccs/Debug/</path>
         <kind>archive</kind>
         <file>driverlib.lib</file>
         <name>gpio.obj</name>
      </input_file>
      <input_file id="fl-fc">
         <path>/Users/Katrine/ti/tirex-content/TivaWare_C_Series-2.1.3.156/driverlib/ccs/Debug/</path>
         <kind>archive</kind>
         <file>driverlib.lib</file>
         <name>i2c.obj</name>
      </input_file>
      <input_file id="fl-fd">
         <path>/Users/Katrine/ti/tirex-content/TivaWare_C_Series-2.1.3.156/driverlib/ccs/Debug/</path>
         <kind>archive</kind>
         <file>driverlib.lib</file>
         <name>interrupt.obj</name>
      </input_file>
      <input_file id="fl-fe">
         <path>/Users/Katrine/ti/tirex-content/TivaWare_C_Series-2.1.3.156/driverlib/ccs/Debug/</path>
         <kind>archive</kind>
         <file>driverlib.lib</file>
         <name>sysctl.obj</name>
      </input_file>
      <input_file id="fl-ff">
         <path>/Users/Katrine/ti/tirex-content/TivaWare_C_Series-2.1.3.156/driverlib/ccs/Debug/</path>
         <kind>archive</kind>
         <file>driverlib.lib</file>
         <name>uart.obj</name>
      </input_file>
      <input_file id="fl-100">
         <path>/Users/Katrine/ti/tirex-content/TivaWare_C_Series-2.1.3.156/driverlib/ccs/Debug/</path>
         <kind>archive</kind>
         <file>driverlib.lib</file>
         <name>cpu.obj</name>
      </input_file>
      <input_file id="fl-101">
         <path>/Users/Katrine/ti/tirex-content/TivaWare_C_Series-2.1.3.156/sensorlib/ccs/Debug/</path>
         <kind>archive</kind>
         <file>sensorlib.lib</file>
         <name>i2cm_drv.obj</name>
      </input_file>
      <input_file id="fl-102">
         <path>/Users/Katrine/ti/tirex-content/TivaWare_C_Series-2.1.3.156/sensorlib/ccs/Debug/</path>
         <kind>archive</kind>
         <file>sensorlib.lib</file>
         <name>mpu6050.obj</name>
      </input_file>
   </input_file_list>
   <object_component_list>
      <object_component id="oc-f">
         <name>.intvecs</name>
         <load_address>0x0</load_address>
         <run_address>0x0</run_address>
         <size>0x26c</size>
         <input_file_ref idref="fl-3"/>
      </object_component>
      <object_component id="oc-5c7">
         <name>.text:UARTvprintf</name>
         <load_address>0x26c</load_address>
         <run_address>0x26c</run_address>
         <size>0x1ea</size>
         <input_file_ref idref="fl-18"/>
      </object_component>
      <object_component id="oc-327">
         <name>.text:GPIOPadConfigSet</name>
         <load_address>0x456</load_address>
         <run_address>0x456</run_address>
         <size>0x132</size>
         <input_file_ref idref="fl-fb"/>
      </object_component>
      <object_component id="oc-385">
         <name>.text:xQueueGenericReceive</name>
         <load_address>0x588</load_address>
         <run_address>0x588</run_address>
         <size>0x118</size>
         <input_file_ref idref="fl-12"/>
      </object_component>
      <object_component id="oc-27c">
         <name>.text:xTaskGenericCreate</name>
         <load_address>0x6a0</load_address>
         <run_address>0x6a0</run_address>
         <size>0x104</size>
         <input_file_ref idref="fl-13"/>
      </object_component>
      <object_component id="oc-ad">
         <name>.text:xTaskIncrementTick</name>
         <load_address>0x7a4</load_address>
         <run_address>0x7a4</run_address>
         <size>0x104</size>
         <input_file_ref idref="fl-13"/>
      </object_component>
      <object_component id="oc-b4">
         <name>.text:I2CMIntHandler</name>
         <load_address>0x8a8</load_address>
         <run_address>0x8a8</run_address>
         <size>0xf2</size>
         <input_file_ref idref="fl-101"/>
      </object_component>
      <object_component id="oc-37">
         <name>.text:FaultISR</name>
         <load_address>0x99a</load_address>
         <run_address>0x99a</run_address>
         <size>0x2</size>
         <input_file_ref idref="fl-3"/>
      </object_component>
      <object_component id="oc-58d">
         <name>.text:MPU6050Callback</name>
         <load_address>0x99c</load_address>
         <run_address>0x99c</run_address>
         <size>0xf0</size>
         <input_file_ref idref="fl-102"/>
      </object_component>
      <object_component id="oc-2d0">
         <name>.text:interpretTask</name>
         <load_address>0xa8c</load_address>
         <run_address>0xa8c</run_address>
         <size>0xe8</size>
         <input_file_ref idref="fl-e"/>
      </object_component>
      <object_component id="oc-320">
         <name>.text:xQueueGenericSend</name>
         <load_address>0xb74</load_address>
         <run_address>0xb74</run_address>
         <size>0xe8</size>
         <input_file_ref idref="fl-12"/>
      </object_component>
      <object_component id="oc-3fb">
         <name>.text:xTaskResumeAll</name>
         <load_address>0xc5c</load_address>
         <run_address>0xc5c</run_address>
         <size>0xe4</size>
         <input_file_ref idref="fl-13"/>
      </object_component>
      <object_component id="oc-43">
         <name>.text</name>
         <load_address>0xd40</load_address>
         <run_address>0xd40</run_address>
         <size>0xd2</size>
         <input_file_ref idref="fl-15"/>
      </object_component>
      <object_component id="oc-3d">
         <name>.text:IntDefaultHandler</name>
         <load_address>0xe12</load_address>
         <run_address>0xe12</run_address>
         <size>0x2</size>
         <input_file_ref idref="fl-3"/>
      </object_component>
      <object_component id="oc-3b2">
         <name>.text:MPU6050GetAccelChange</name>
         <load_address>0xe14</load_address>
         <run_address>0xe14</run_address>
         <size>0xb8</size>
         <input_file_ref idref="fl-a"/>
      </object_component>
      <object_component id="oc-2c3">
         <name>.text:I2C0Init</name>
         <load_address>0xecc</load_address>
         <run_address>0xecc</run_address>
         <size>0xb0</size>
         <input_file_ref idref="fl-a"/>
      </object_component>
      <object_component id="oc-4fc">
         <name>.text:MPU6050GetAccelMean</name>
         <load_address>0xf7c</load_address>
         <run_address>0xf7c</run_address>
         <size>0xac</size>
         <input_file_ref idref="fl-a"/>
      </object_component>
      <object_component id="oc-2ff">
         <name>.text:pvPortMalloc</name>
         <load_address>0x1028</load_address>
         <run_address>0x1028</run_address>
         <size>0xac</size>
         <input_file_ref idref="fl-16"/>
      </object_component>
      <object_component id="oc-62">
         <name>.text</name>
         <load_address>0x10d4</load_address>
         <run_address>0x10d4</run_address>
         <size>0x9c</size>
         <input_file_ref idref="fl-dc"/>
      </object_component>
      <object_component id="oc-180">
         <name>.text:I2CMStateIdle</name>
         <load_address>0x1170</load_address>
         <run_address>0x1170</run_address>
         <size>0x98</size>
         <input_file_ref idref="fl-101"/>
      </object_component>
      <object_component id="oc-1a7">
         <name>.text:xQueuesCreated</name>
         <load_address>0x1208</load_address>
         <run_address>0x1208</run_address>
         <size>0x98</size>
         <input_file_ref idref="fl-17"/>
      </object_component>
      <object_component id="oc-499">
         <name>.text:vTaskPriorityInherit</name>
         <load_address>0x12a0</load_address>
         <run_address>0x12a0</run_address>
         <size>0x94</size>
         <input_file_ref idref="fl-13"/>
      </object_component>
      <object_component id="oc-a6">
         <name>.text:vTaskSwitchContext</name>
         <load_address>0x1334</load_address>
         <run_address>0x1334</run_address>
         <size>0x8c</size>
         <input_file_ref idref="fl-13"/>
      </object_component>
      <object_component id="oc-587">
         <name>.text:I2CMCommand</name>
         <load_address>0x13c0</load_address>
         <run_address>0x13c0</run_address>
         <size>0x88</size>
         <input_file_ref idref="fl-101"/>
      </object_component>
      <object_component id="oc-35f">
         <name>.text:vTaskDelayUntil</name>
         <load_address>0x1448</load_address>
         <run_address>0x1448</run_address>
         <size>0x84</size>
         <input_file_ref idref="fl-13"/>
      </object_component>
      <object_component id="oc-305">
         <name>.text:xQueueGenericReset</name>
         <load_address>0x14cc</load_address>
         <run_address>0x14cc</run_address>
         <size>0x84</size>
         <input_file_ref idref="fl-12"/>
      </object_component>
      <object_component id="oc-54e">
         <name>.text:xTaskPriorityDisinherit</name>
         <load_address>0x1550</load_address>
         <run_address>0x1550</run_address>
         <size>0x7c</size>
         <input_file_ref idref="fl-13"/>
      </object_component>
      <object_component id="oc-6e">
         <name>.text</name>
         <load_address>0x15cc</load_address>
         <run_address>0x15cc</run_address>
         <size>0x7a</size>
         <input_file_ref idref="fl-dd"/>
      </object_component>
      <object_component id="oc-31">
         <name>.text:NmiSR</name>
         <load_address>0x1646</load_address>
         <run_address>0x1646</run_address>
         <size>0x2</size>
         <input_file_ref idref="fl-3"/>
      </object_component>
      <object_component id="oc-599">
         <name>.text:I2CMReadModifyWrite8</name>
         <load_address>0x1648</load_address>
         <run_address>0x1648</run_address>
         <size>0x78</size>
         <input_file_ref idref="fl-101"/>
      </object_component>
      <object_component id="oc-359">
         <name>.text:getButtonValue</name>
         <load_address>0x16c0</load_address>
         <run_address>0x16c0</run_address>
         <size>0x74</size>
         <input_file_ref idref="fl-b"/>
      </object_component>
      <object_component id="oc-40c">
         <name>.text:xTaskRemoveFromEventList</name>
         <load_address>0x1734</load_address>
         <run_address>0x1734</run_address>
         <size>0x74</size>
         <input_file_ref idref="fl-13"/>
      </object_component>
      <object_component id="oc-439">
         <name>.text:prvCopyDataToQueue</name>
         <load_address>0x17a8</load_address>
         <run_address>0x17a8</run_address>
         <size>0x72</size>
         <input_file_ref idref="fl-12"/>
      </object_component>
      <object_component id="oc-625">
         <name>.text</name>
         <load_address>0x181a</load_address>
         <run_address>0x181a</run_address>
         <size>0x2</size>
         <input_file_ref idref="fl-ef"/>
      </object_component>
      <object_component id="oc-4ec">
         <name>.text:I2CWrite</name>
         <load_address>0x181c</load_address>
         <run_address>0x181c</run_address>
         <size>0x70</size>
         <input_file_ref idref="fl-a"/>
      </object_component>
      <object_component id="oc-5b3">
         <name>.text:MPU6050DataAccelGetFloat</name>
         <load_address>0x188c</load_address>
         <run_address>0x188c</run_address>
         <size>0x70</size>
         <input_file_ref idref="fl-102"/>
      </object_component>
      <object_component id="oc-3bc">
         <name>.text:printUARTData</name>
         <load_address>0x18fc</load_address>
         <run_address>0x18fc</run_address>
         <size>0x70</size>
         <input_file_ref idref="fl-10"/>
      </object_component>
      <object_component id="oc-86">
         <name>.text</name>
         <load_address>0x196c</load_address>
         <run_address>0x196c</run_address>
         <size>0x70</size>
         <input_file_ref idref="fl-e7"/>
      </object_component>
      <object_component id="oc-5ee">
         <name>.text:IntDisable</name>
         <load_address>0x19dc</load_address>
         <run_address>0x19dc</run_address>
         <size>0x68</size>
         <input_file_ref idref="fl-fd"/>
      </object_component>
      <object_component id="oc-4bf">
         <name>.text:IntEnable</name>
         <load_address>0x1a44</load_address>
         <run_address>0x1a44</run_address>
         <size>0x68</size>
         <input_file_ref idref="fl-fd"/>
      </object_component>
      <object_component id="oc-12">
         <name>.text:decompress:lzss</name>
         <load_address>0x1aac</load_address>
         <run_address>0x1aac</run_address>
         <size>0x68</size>
         <input_file_ref idref="fl-d7"/>
      </object_component>
      <object_component id="oc-2b6">
         <name>.text:soundDetectorInit</name>
         <load_address>0x1b14</load_address>
         <run_address>0x1b14</run_address>
         <size>0x68</size>
         <input_file_ref idref="fl-d"/>
      </object_component>
      <object_component id="oc-296">
         <name>.text:CO2SensorInit</name>
         <load_address>0x1b7c</load_address>
         <run_address>0x1b7c</run_address>
         <size>0x64</size>
         <input_file_ref idref="fl-8"/>
      </object_component>
      <object_component id="oc-1a1">
         <name>.text:ConfigureUART</name>
         <load_address>0x1be0</load_address>
         <run_address>0x1be0</run_address>
         <size>0x64</size>
         <input_file_ref idref="fl-2"/>
      </object_component>
      <object_component id="oc-5e8">
         <name>.text:IntIsEnabled</name>
         <load_address>0x1c44</load_address>
         <run_address>0x1c44</run_address>
         <size>0x64</size>
         <input_file_ref idref="fl-fd"/>
      </object_component>
      <object_component id="oc-3ac">
         <name>.text:MPU6050ReadInit</name>
         <load_address>0x1ca8</load_address>
         <run_address>0x1ca8</run_address>
         <size>0x64</size>
         <input_file_ref idref="fl-a"/>
      </object_component>
      <object_component id="oc-433">
         <name>.text:vTaskPlaceOnEventList</name>
         <load_address>0x1d0c</load_address>
         <run_address>0x1d0c</run_address>
         <size>0x64</size>
         <input_file_ref idref="fl-13"/>
      </object_component>
      <object_component id="oc-427">
         <name>.text:prvUnlockQueue</name>
         <load_address>0x1d70</load_address>
         <run_address>0x1d70</run_address>
         <size>0x62</size>
         <input_file_ref idref="fl-12"/>
      </object_component>
      <object_component id="oc-7a">
         <name>.text</name>
         <load_address>0x1dd2</load_address>
         <run_address>0x1dd2</run_address>
         <size>0x2</size>
         <input_file_ref idref="fl-de"/>
      </object_component>
      <object_component id="oc-600">
         <name>.text:I2CMReadModifyWrite8Callback</name>
         <load_address>0x1dd4</load_address>
         <run_address>0x1dd4</run_address>
         <size>0x60</size>
         <input_file_ref idref="fl-101"/>
      </object_component>
      <object_component id="oc-256">
         <name>.text:UARTStdioConfig</name>
         <load_address>0x1e34</load_address>
         <run_address>0x1e34</run_address>
         <size>0x60</size>
         <input_file_ref idref="fl-18"/>
      </object_component>
      <object_component id="oc-ff">
         <name>.text:main</name>
         <load_address>0x1e94</load_address>
         <run_address>0x1e94</run_address>
         <size>0x60</size>
         <input_file_ref idref="fl-2"/>
      </object_component>
      <object_component id="oc-346">
         <name>.text:prvInitialiseTaskLists</name>
         <load_address>0x1ef4</load_address>
         <run_address>0x1ef4</run_address>
         <size>0x60</size>
         <input_file_ref idref="fl-13"/>
      </object_component>
      <object_component id="oc-1e3">
         <name>.text:vTaskStartScheduler</name>
         <load_address>0x1f54</load_address>
         <run_address>0x1f54</run_address>
         <size>0x60</size>
         <input_file_ref idref="fl-13"/>
      </object_component>
      <object_component id="oc-16e">
         <name>.text:I2CMStateWritePause</name>
         <load_address>0x1fb4</load_address>
         <run_address>0x1fb4</run_address>
         <size>0x5e</size>
         <input_file_ref idref="fl-101"/>
      </object_component>
      <object_component id="oc-f7">
         <name>.text</name>
         <load_address>0x2012</load_address>
         <run_address>0x2012</run_address>
         <size>0x2</size>
         <input_file_ref idref="fl-f5"/>
      </object_component>
      <object_component id="oc-4d4">
         <name>.text:MPU6050Init</name>
         <load_address>0x2014</load_address>
         <run_address>0x2014</run_address>
         <size>0x5c</size>
         <input_file_ref idref="fl-102"/>
      </object_component>
      <object_component id="oc-502">
         <name>.text:vTaskDelay</name>
         <load_address>0x2070</load_address>
         <run_address>0x2070</run_address>
         <size>0x5c</size>
         <input_file_ref idref="fl-13"/>
      </object_component>
      <object_component id="oc-3dc">
         <name>.text:prvCheckTasksWaitingTermination</name>
         <load_address>0x20cc</load_address>
         <run_address>0x20cc</run_address>
         <size>0x58</size>
         <input_file_ref idref="fl-13"/>
      </object_component>
      <object_component id="oc-334">
         <name>.text:prvInitialiseTCBVariables</name>
         <load_address>0x2124</load_address>
         <run_address>0x2124</run_address>
         <size>0x56</size>
         <input_file_ref idref="fl-13"/>
      </object_component>
      <object_component id="oc-118">
         <name>.text:vApplicationStackOverflowHook</name>
         <load_address>0x217a</load_address>
         <run_address>0x217a</run_address>
         <size>0x2</size>
         <input_file_ref idref="fl-2"/>
      </object_component>
      <object_component id="oc-5ad">
         <name>.text:MPU6050DataRead</name>
         <load_address>0x217c</load_address>
         <run_address>0x217c</run_address>
         <size>0x54</size>
         <input_file_ref idref="fl-102"/>
      </object_component>
      <object_component id="oc-24">
         <name>.text</name>
         <load_address>0x21d0</load_address>
         <run_address>0x21d0</run_address>
         <size>0x54</size>
         <input_file_ref idref="fl-d6"/>
      </object_component>
      <object_component id="oc-92">
         <name>.text</name>
         <load_address>0x2224</load_address>
         <run_address>0x2224</run_address>
         <size>0x54</size>
         <input_file_ref idref="fl-da"/>
      </object_component>
      <object_component id="oc-421">
         <name>.text:xTaskCheckForTimeOut</name>
         <load_address>0x2278</load_address>
         <run_address>0x2278</run_address>
         <size>0x54</size>
         <input_file_ref idref="fl-13"/>
      </object_component>
      <object_component id="oc-174">
         <name>.text:I2CMStateWriteFinal</name>
         <load_address>0x22cc</load_address>
         <run_address>0x22cc</run_address>
         <size>0x50</size>
         <input_file_ref idref="fl-101"/>
      </object_component>
      <object_component id="oc-4da">
         <name>.text:I2CWait</name>
         <load_address>0x231c</load_address>
         <run_address>0x231c</run_address>
         <size>0x50</size>
         <input_file_ref idref="fl-a"/>
      </object_component>
      <object_component id="oc-276">
         <name>.text:buttonInit</name>
         <load_address>0x236c</load_address>
         <run_address>0x236c</run_address>
         <size>0x50</size>
         <input_file_ref idref="fl-b"/>
      </object_component>
      <object_component id="oc-4c7">
         <name>.text:I2CMasterInitExpClk</name>
         <load_address>0x23bc</load_address>
         <run_address>0x23bc</run_address>
         <size>0x4c</size>
         <input_file_ref idref="fl-fc"/>
      </object_component>
      <object_component id="oc-4e6">
         <name>.text:I2CRead</name>
         <load_address>0x2408</load_address>
         <run_address>0x2408</run_address>
         <size>0x4c</size>
         <input_file_ref idref="fl-a"/>
      </object_component>
      <object_component id="oc-4e0">
         <name>.text:MPU6050ReadModifyWrite</name>
         <load_address>0x2454</load_address>
         <run_address>0x2454</run_address>
         <size>0x4c</size>
         <input_file_ref idref="fl-102"/>
      </object_component>
      <object_component id="oc-1c5">
         <name>.text:ledTaskInit</name>
         <load_address>0x24a0</load_address>
         <run_address>0x24a0</run_address>
         <size>0x4c</size>
         <input_file_ref idref="fl-c"/>
      </object_component>
      <object_component id="oc-474">
         <name>.text:prvAddCurrentTaskToDelayedList</name>
         <load_address>0x24ec</load_address>
         <run_address>0x24ec</run_address>
         <size>0x4c</size>
         <input_file_ref idref="fl-13"/>
      </object_component>
      <object_component id="oc-f1">
         <name>.text</name>
         <load_address>0x2538</load_address>
         <run_address>0x2538</run_address>
         <size>0x4c</size>
         <input_file_ref idref="fl-e8"/>
      </object_component>
      <object_component id="oc-26c">
         <name>.text:xQueueCreateMutex</name>
         <load_address>0x2584</load_address>
         <run_address>0x2584</run_address>
         <size>0x4c</size>
         <input_file_ref idref="fl-12"/>
      </object_component>
      <object_component id="oc-15c">
         <name>.text:I2CMStateReadNext</name>
         <load_address>0x25d0</load_address>
         <run_address>0x25d0</run_address>
         <size>0x4a</size>
         <input_file_ref idref="fl-101"/>
      </object_component>
      <object_component id="oc-17a">
         <name>.text:I2CMStateWriteNext</name>
         <load_address>0x261a</load_address>
         <run_address>0x261a</run_address>
         <size>0x48</size>
         <input_file_ref idref="fl-101"/>
      </object_component>
      <object_component id="oc-1dd">
         <name>.text:vTaskInitError</name>
         <load_address>0x2662</load_address>
         <run_address>0x2662</run_address>
         <size>0x2</size>
         <input_file_ref idref="fl-2"/>
      </object_component>
      <object_component id="oc-612">
         <name>.text:UARTwrite</name>
         <load_address>0x2664</load_address>
         <run_address>0x2664</run_address>
         <size>0x48</size>
         <input_file_ref idref="fl-18"/>
      </object_component>
      <object_component id="oc-144">
         <name>.text:I2CMStateCallback</name>
         <load_address>0x26ac</load_address>
         <run_address>0x26ac</run_address>
         <size>0x44</size>
         <input_file_ref idref="fl-101"/>
      </object_component>
      <object_component id="oc-2c9">
         <name>.text:accelerometerTask</name>
         <load_address>0x26f0</load_address>
         <run_address>0x26f0</run_address>
         <size>0x44</size>
         <input_file_ref idref="fl-6"/>
      </object_component>
      <object_component id="oc-1d1">
         <name>.text:accelerometerTaskInit</name>
         <load_address>0x2734</load_address>
         <run_address>0x2734</run_address>
         <size>0x44</size>
         <input_file_ref idref="fl-6"/>
      </object_component>
      <object_component id="oc-1d7">
         <name>.text:interpretTaskInit</name>
         <load_address>0x2778</load_address>
         <run_address>0x2778</run_address>
         <size>0x44</size>
         <input_file_ref idref="fl-e"/>
      </object_component>
      <object_component id="oc-442">
         <name>.text:vPortFree</name>
         <load_address>0x27bc</load_address>
         <run_address>0x27bc</run_address>
         <size>0x44</size>
         <input_file_ref idref="fl-16"/>
      </object_component>
      <object_component id="oc-156">
         <name>.text:I2CMStateReadFinal</name>
         <load_address>0x2800</load_address>
         <run_address>0x2800</run_address>
         <size>0x42</size>
         <input_file_ref idref="fl-101"/>
      </object_component>
      <object_component id="oc-4b3">
         <name>.text:_I2CIntNumberGet</name>
         <load_address>0x2844</load_address>
         <run_address>0x2844</run_address>
         <size>0x40</size>
         <input_file_ref idref="fl-fc"/>
      </object_component>
      <object_component id="oc-282">
         <name>.text:buttonTask</name>
         <load_address>0x2884</load_address>
         <run_address>0x2884</run_address>
         <size>0x40</size>
         <input_file_ref idref="fl-7"/>
      </object_component>
      <object_component id="oc-618">
         <name>.text</name>
         <load_address>0x28c4</load_address>
         <run_address>0x28c4</run_address>
         <size>0x40</size>
         <input_file_ref idref="fl-e2"/>
      </object_component>
      <object_component id="oc-2d8">
         <name>.text:xPortStartScheduler</name>
         <load_address>0x2904</load_address>
         <run_address>0x2904</run_address>
         <size>0x40</size>
         <input_file_ref idref="fl-14"/>
      </object_component>
      <object_component id="oc-1ad">
         <name>.text:xSemaphoresCreated</name>
         <load_address>0x2944</load_address>
         <run_address>0x2944</run_address>
         <size>0x40</size>
         <input_file_ref idref="fl-17"/>
      </object_component>
      <object_component id="oc-150">
         <name>.text:I2CMStateReadPause</name>
         <load_address>0x2984</load_address>
         <run_address>0x2984</run_address>
         <size>0x3e</size>
         <input_file_ref idref="fl-101"/>
      </object_component>
      <object_component id="oc-1bf">
         <name>.text:CO2TaskInit</name>
         <load_address>0x29c4</load_address>
         <run_address>0x29c4</run_address>
         <size>0x3c</size>
         <input_file_ref idref="fl-4"/>
      </object_component>
      <object_component id="oc-1b9">
         <name>.text:PIRTaskInit</name>
         <load_address>0x2a00</load_address>
         <run_address>0x2a00</run_address>
         <size>0x3c</size>
         <input_file_ref idref="fl-5"/>
      </object_component>
      <object_component id="oc-1b3">
         <name>.text:buttonTaskInit</name>
         <load_address>0x2a3c</load_address>
         <run_address>0x2a3c</run_address>
         <size>0x3c</size>
         <input_file_ref idref="fl-7"/>
      </object_component>
      <object_component id="oc-3c2">
         <name>.text:printStringUART</name>
         <load_address>0x2a78</load_address>
         <run_address>0x2a78</run_address>
         <size>0x3c</size>
         <input_file_ref idref="fl-10"/>
      </object_component>
      <object_component id="oc-1cb">
         <name>.text:soundTaskInit</name>
         <load_address>0x2ab4</load_address>
         <run_address>0x2ab4</run_address>
         <size>0x3c</size>
         <input_file_ref idref="fl-f"/>
      </object_component>
      <object_component id="oc-25d">
         <name>.text:xQueueGenericCreate</name>
         <load_address>0x2af0</load_address>
         <run_address>0x2af0</run_address>
         <size>0x3c</size>
         <input_file_ref idref="fl-12"/>
      </object_component>
      <object_component id="oc-32e">
         <name>.text:prvAllocateTCBAndStack</name>
         <load_address>0x2b2c</load_address>
         <run_address>0x2b2c</run_address>
         <size>0x3a</size>
         <input_file_ref idref="fl-13"/>
      </object_component>
      <object_component id="oc-547">
         <name>.text:vListInsert</name>
         <load_address>0x2b66</load_address>
         <run_address>0x2b66</run_address>
         <size>0x38</size>
         <input_file_ref idref="fl-11"/>
      </object_component>
      <object_component id="oc-29c">
         <name>.text:CO2Task</name>
         <load_address>0x2ba0</load_address>
         <run_address>0x2ba0</run_address>
         <size>0x34</size>
         <input_file_ref idref="fl-4"/>
      </object_component>
      <object_component id="oc-3a5">
         <name>.text:I2CMInit</name>
         <load_address>0x2bd4</load_address>
         <run_address>0x2bd4</run_address>
         <size>0x34</size>
         <input_file_ref idref="fl-101"/>
      </object_component>
      <object_component id="oc-4b9">
         <name>.text:IntRegister</name>
         <load_address>0x2c08</load_address>
         <run_address>0x2c08</run_address>
         <size>0x34</size>
         <input_file_ref idref="fl-fd"/>
      </object_component>
      <object_component id="oc-28f">
         <name>.text:PIRTask</name>
         <load_address>0x2c3c</load_address>
         <run_address>0x2c3c</run_address>
         <size>0x34</size>
         <input_file_ref idref="fl-5"/>
      </object_component>
      <object_component id="oc-2a3">
         <name>.text:SysCtlPeripheralEnable</name>
         <load_address>0x2c70</load_address>
         <run_address>0x2c70</run_address>
         <size>0x34</size>
         <input_file_ref idref="fl-fe"/>
      </object_component>
      <object_component id="oc-3f5">
         <name>.text:prvHeapInit</name>
         <load_address>0x2ca4</load_address>
         <run_address>0x2ca4</run_address>
         <size>0x30</size>
         <input_file_ref idref="fl-16"/>
      </object_component>
      <object_component id="oc-2bc">
         <name>.text:soundTask</name>
         <load_address>0x2cd4</load_address>
         <run_address>0x2cd4</run_address>
         <size>0x30</size>
         <input_file_ref idref="fl-f"/>
      </object_component>
      <object_component id="oc-48">
         <name>.text:xPortSysTickHandler</name>
         <load_address>0x2d04</load_address>
         <run_address>0x2d04</run_address>
         <size>0x2c</size>
         <input_file_ref idref="fl-14"/>
      </object_component>
      <object_component id="oc-37e">
         <name>.text:GPIODirModeSet</name>
         <load_address>0x2d30</load_address>
         <run_address>0x2d30</run_address>
         <size>0x2a</size>
         <input_file_ref idref="fl-fb"/>
      </object_component>
      <object_component id="oc-162">
         <name>.text:I2CMStateReadFirst</name>
         <load_address>0x2d5a</load_address>
         <run_address>0x2d5a</run_address>
         <size>0x2a</size>
         <input_file_ref idref="fl-101"/>
      </object_component>
      <object_component id="oc-2af">
         <name>.text:ledTask</name>
         <load_address>0x2d84</load_address>
         <run_address>0x2d84</run_address>
         <size>0x28</size>
         <input_file_ref idref="fl-c"/>
      </object_component>
      <object_component id="oc-122">
         <name>.text:prvResetNextTaskUnblockTime</name>
         <load_address>0x2dac</load_address>
         <run_address>0x2dac</run_address>
         <size>0x28</size>
         <input_file_ref idref="fl-13"/>
      </object_component>
      <object_component id="oc-33a">
         <name>.text:pxPortInitialiseStack</name>
         <load_address>0x2dd4</load_address>
         <run_address>0x2dd4</run_address>
         <size>0x28</size>
         <input_file_ref idref="fl-14"/>
      </object_component>
      <object_component id="oc-49f">
         <name>.text:prvCopyDataFromQueue</name>
         <load_address>0x2dfc</load_address>
         <run_address>0x2dfc</run_address>
         <size>0x26</size>
         <input_file_ref idref="fl-12"/>
      </object_component>
      <object_component id="oc-168">
         <name>.text:I2CMStateReadOne</name>
         <load_address>0x2e22</load_address>
         <run_address>0x2e22</run_address>
         <size>0x20</size>
         <input_file_ref idref="fl-101"/>
      </object_component>
      <object_component id="oc-128">
         <name>.text:uxListRemove</name>
         <load_address>0x2e42</load_address>
         <run_address>0x2e42</run_address>
         <size>0x20</size>
         <input_file_ref idref="fl-11"/>
      </object_component>
      <object_component id="oc-42d">
         <name>.text:prvIsQueueFull</name>
         <load_address>0x2e62</load_address>
         <run_address>0x2e62</run_address>
         <size>0x1c</size>
         <input_file_ref idref="fl-12"/>
      </object_component>
      <object_component id="oc-340">
         <name>.text:vPortEnterCritical</name>
         <load_address>0x2e80</load_address>
         <run_address>0x2e80</run_address>
         <size>0x1c</size>
         <input_file_ref idref="fl-14"/>
      </object_component>
      <object_component id="oc-14a">
         <name>.text:I2CMStateReadWait</name>
         <load_address>0x2e9c</load_address>
         <run_address>0x2e9c</run_address>
         <size>0x1a</size>
         <input_file_ref idref="fl-101"/>
      </object_component>
      <object_component id="oc-512">
         <name>.text:UARTprintf</name>
         <load_address>0x2eb6</load_address>
         <run_address>0x2eb6</run_address>
         <size>0x1a</size>
         <input_file_ref idref="fl-18"/>
      </object_component>
      <object_component id="oc-493">
         <name>.text:prvIsQueueEmpty</name>
         <load_address>0x2ed0</load_address>
         <run_address>0x2ed0</run_address>
         <size>0x1a</size>
         <input_file_ref idref="fl-12"/>
      </object_component>
      <object_component id="oc-4f5">
         <name>.text:I2CCallback</name>
         <load_address>0x2eec</load_address>
         <run_address>0x2eec</run_address>
         <size>0x18</size>
         <input_file_ref idref="fl-a"/>
      </object_component>
      <object_component id="oc-399">
         <name>.text:I2CIntRegister</name>
         <load_address>0x2f04</load_address>
         <run_address>0x2f04</run_address>
         <size>0x18</size>
         <input_file_ref idref="fl-fc"/>
      </object_component>
      <object_component id="oc-289">
         <name>.text:PIRSensorInit</name>
         <load_address>0x2f1c</load_address>
         <run_address>0x2f1c</run_address>
         <size>0x18</size>
         <input_file_ref idref="fl-9"/>
      </object_component>
      <object_component id="oc-4a5">
         <name>.text:pvTaskIncrementMutexHeldCount</name>
         <load_address>0x2f34</load_address>
         <run_address>0x2f34</run_address>
         <size>0x18</size>
         <input_file_ref idref="fl-13"/>
      </object_component>
      <object_component id="oc-8c">
         <name>.text</name>
         <load_address>0x2f4c</load_address>
         <run_address>0x2f4c</run_address>
         <size>0x18</size>
         <input_file_ref idref="fl-e5"/>
      </object_component>
      <object_component id="oc-12e">
         <name>.text:vListInsertEnd</name>
         <load_address>0x2f64</load_address>
         <run_address>0x2f64</run_address>
         <size>0x18</size>
         <input_file_ref idref="fl-11"/>
      </object_component>
      <object_component id="oc-34c">
         <name>.text:vPortExitCritical</name>
         <load_address>0x2f7c</load_address>
         <run_address>0x2f7c</run_address>
         <size>0x18</size>
         <input_file_ref idref="fl-14"/>
      </object_component>
      <object_component id="oc-41b">
         <name>.text:vTaskSetTimeOutState</name>
         <load_address>0x2f94</load_address>
         <run_address>0x2f94</run_address>
         <size>0x18</size>
         <input_file_ref idref="fl-13"/>
      </object_component>
      <object_component id="oc-31a">
         <name>.text:vListInitialise</name>
         <load_address>0x2fac</load_address>
         <run_address>0x2fac</run_address>
         <size>0x16</size>
         <input_file_ref idref="fl-11"/>
      </object_component>
      <object_component id="oc-375">
         <name>.text:getCO2Value</name>
         <load_address>0x2fc4</load_address>
         <run_address>0x2fc4</run_address>
         <size>0x14</size>
         <input_file_ref idref="fl-8"/>
      </object_component>
      <object_component id="oc-1f3">
         <name>.text</name>
         <load_address>0x2fd8</load_address>
         <run_address>0x2fd8</run_address>
         <size>0x14</size>
         <input_file_ref idref="fl-e3"/>
      </object_component>
      <object_component id="oc-3d2">
         <name>.text:vPortSetupTimerInterrupt</name>
         <load_address>0x2fec</load_address>
         <run_address>0x2fec</run_address>
         <size>0x14</size>
         <input_file_ref idref="fl-14"/>
      </object_component>
      <object_component id="oc-2a9">
         <name>.text:GPIOPinTypeGPIOInput</name>
         <load_address>0x3000</load_address>
         <run_address>0x3000</run_address>
         <size>0x12</size>
         <input_file_ref idref="fl-fb"/>
      </object_component>
      <object_component id="oc-522">
         <name>.text:prvDeleteTCB</name>
         <load_address>0x3012</load_address>
         <run_address>0x3012</run_address>
         <size>0x12</size>
         <input_file_ref idref="fl-13"/>
      </object_component>
      <object_component id="oc-368">
         <name>.text:getPIRValue</name>
         <load_address>0x3024</load_address>
         <run_address>0x3024</run_address>
         <size>0x10</size>
         <input_file_ref idref="fl-9"/>
      </object_component>
      <object_component id="oc-391">
         <name>.text:getSoundValue</name>
         <load_address>0x3034</load_address>
         <run_address>0x3034</run_address>
         <size>0x10</size>
         <input_file_ref idref="fl-d"/>
      </object_component>
      <object_component id="oc-450">
         <name>.text:prvTaskExitError</name>
         <load_address>0x3044</load_address>
         <run_address>0x3044</run_address>
         <size>0x10</size>
         <input_file_ref idref="fl-14"/>
      </object_component>
      <object_component id="oc-3ef">
         <name>.text:vTaskSuspendAll</name>
         <load_address>0x3054</load_address>
         <run_address>0x3054</run_address>
         <size>0x10</size>
         <input_file_ref idref="fl-13"/>
      </object_component>
      <object_component id="oc-18">
         <name>.text:decompress:none</name>
         <load_address>0x3064</load_address>
         <run_address>0x3064</run_address>
         <size>0xe</size>
         <input_file_ref idref="fl-d8"/>
      </object_component>
      <object_component id="oc-4e">
         <name>.text:I2CM_I2C0_IntHandler</name>
         <load_address>0x3074</load_address>
         <run_address>0x3074</run_address>
         <size>0xc</size>
         <input_file_ref idref="fl-a"/>
      </object_component>
      <object_component id="oc-5f4">
         <name>.text:IntTrigger</name>
         <load_address>0x3080</load_address>
         <run_address>0x3080</run_address>
         <size>0xc</size>
         <input_file_ref idref="fl-fd"/>
      </object_component>
      <object_component id="oc-1e">
         <name>.text:decompress:ZI</name>
         <load_address>0x308c</load_address>
         <run_address>0x308c</run_address>
         <size>0xc</size>
         <input_file_ref idref="fl-d9"/>
      </object_component>
      <object_component id="oc-53f">
         <name>.text:vTaskMissedYield</name>
         <load_address>0x3098</load_address>
         <run_address>0x3098</run_address>
         <size>0xc</size>
         <input_file_ref idref="fl-13"/>
      </object_component>
      <object_component id="oc-353">
         <name>.text:xTaskGetTickCount</name>
         <load_address>0x30a4</load_address>
         <run_address>0x30a4</run_address>
         <size>0xc</size>
         <input_file_ref idref="fl-13"/>
      </object_component>
      <object_component id="oc-57f">
         <name>.text:I2CMasterEnable</name>
         <load_address>0x30b0</load_address>
         <run_address>0x30b0</run_address>
         <size>0xa</size>
         <input_file_ref idref="fl-fc"/>
      </object_component>
      <object_component id="oc-138">
         <name>.text:I2CMasterIntClear</name>
         <load_address>0x30ba</load_address>
         <run_address>0x30ba</run_address>
         <size>0x8</size>
         <input_file_ref idref="fl-fc"/>
      </object_component>
      <object_component id="oc-4cd">
         <name>.text:I2CMasterIntEnableEx</name>
         <load_address>0x30c2</load_address>
         <run_address>0x30c2</run_address>
         <size>0x8</size>
         <input_file_ref idref="fl-fc"/>
      </object_component>
      <object_component id="oc-229">
         <name>.text:I2CMasterSlaveAddrSet</name>
         <load_address>0x30ca</load_address>
         <run_address>0x30ca</run_address>
         <size>0x8</size>
         <input_file_ref idref="fl-fc"/>
      </object_component>
      <object_component id="oc-2de">
         <name>.text:prvIdleTask</name>
         <load_address>0x30d2</load_address>
         <run_address>0x30d2</run_address>
         <size>0x8</size>
         <input_file_ref idref="fl-13"/>
      </object_component>
      <object_component id="oc-46a">
         <name>.text:GPIOPinRead</name>
         <load_address>0x30da</load_address>
         <run_address>0x30da</run_address>
         <size>0x6</size>
         <input_file_ref idref="fl-fb"/>
      </object_component>
      <object_component id="oc-2b">
         <name>.text:ResetISR</name>
         <load_address>0x30e0</load_address>
         <run_address>0x30e0</run_address>
         <size>0x6</size>
         <input_file_ref idref="fl-3"/>
      </object_component>
      <object_component id="oc-250">
         <name>.text:UARTClockSourceSet</name>
         <load_address>0x30e6</load_address>
         <run_address>0x30e6</run_address>
         <size>0x6</size>
         <input_file_ref idref="fl-ff"/>
      </object_component>
      <object_component id="oc-449">
         <name>.text:vListInitialiseItem</name>
         <load_address>0x30ec</load_address>
         <run_address>0x30ec</run_address>
         <size>0x6</size>
         <input_file_ref idref="fl-11"/>
      </object_component>
      <object_component id="oc-13e">
         <name>.text:I2CMasterControl</name>
         <load_address>0x30f2</load_address>
         <run_address>0x30f2</run_address>
         <size>0x4</size>
         <input_file_ref idref="fl-fc"/>
      </object_component>
      <object_component id="oc-21f">
         <name>.text:I2CMasterDataGet</name>
         <load_address>0x30f6</load_address>
         <run_address>0x30f6</run_address>
         <size>0x4</size>
         <input_file_ref idref="fl-fc"/>
      </object_component>
      <object_component id="oc-231">
         <name>.text:I2CMasterDataPut</name>
         <load_address>0x30fa</load_address>
         <run_address>0x30fa</run_address>
         <size>0x4</size>
         <input_file_ref idref="fl-fc"/>
      </object_component>
      <object_component id="oc-39f">
         <name>.text:I2CMasterTimeoutSet</name>
         <load_address>0x30fe</load_address>
         <run_address>0x30fe</run_address>
         <size>0x4</size>
         <input_file_ref idref="fl-fc"/>
      </object_component>
      <object_component id="oc-80">
         <name>.text</name>
         <load_address>0x3102</load_address>
         <run_address>0x3102</run_address>
         <size>0x4</size>
         <input_file_ref idref="fl-df"/>
      </object_component>
      <object_component id="oc-57b">
         <name>.const</name>
         <load_address>0x3108</load_address>
         <run_address>0x3108</run_address>
         <size>0x70</size>
         <input_file_ref idref="fl-fd"/>
      </object_component>
      <object_component id="oc-572">
         <name>.const:g_ppui32I2CIntMapSnowflake</name>
         <load_address>0x3178</load_address>
         <run_address>0x3178</run_address>
         <size>0x50</size>
         <input_file_ref idref="fl-fc"/>
      </object_component>
      <object_component id="oc-56f">
         <name>.const:g_ppui32I2CIntMap</name>
         <load_address>0x31c8</load_address>
         <run_address>0x31c8</run_address>
         <size>0x30</size>
         <input_file_ref idref="fl-fc"/>
      </object_component>
      <object_component id="oc-60a">
         <name>.const</name>
         <load_address>0x31f8</load_address>
         <run_address>0x31f8</run_address>
         <size>0x20</size>
         <input_file_ref idref="fl-102"/>
      </object_component>
      <object_component id="oc-5b9">
         <name>.const:$P$T0$1</name>
         <load_address>0x3218</load_address>
         <run_address>0x3218</run_address>
         <size>0xc</size>
         <input_file_ref idref="fl-a"/>
      </object_component>
      <object_component id="oc-5bc">
         <name>.const:$P$T1$2</name>
         <load_address>0x3224</load_address>
         <run_address>0x3224</run_address>
         <size>0xc</size>
         <input_file_ref idref="fl-a"/>
      </object_component>
      <object_component id="oc-508">
         <name>.const:$P$T2$3</name>
         <load_address>0x3230</load_address>
         <run_address>0x3230</run_address>
         <size>0xc</size>
         <input_file_ref idref="fl-a"/>
      </object_component>
      <object_component id="oc-50b">
         <name>.const:$P$T3$4</name>
         <load_address>0x323c</load_address>
         <run_address>0x323c</run_address>
         <size>0xc</size>
         <input_file_ref idref="fl-a"/>
      </object_component>
      <object_component id="oc-2f4">
         <name>.const:g_ui32UARTBase</name>
         <load_address>0x3248</load_address>
         <run_address>0x3248</run_address>
         <size>0xc</size>
         <input_file_ref idref="fl-18"/>
      </object_component>
      <object_component id="oc-2f1">
         <name>.const:g_ui32UARTPeriph</name>
         <load_address>0x3254</load_address>
         <run_address>0x3254</run_address>
         <size>0xc</size>
         <input_file_ref idref="fl-18"/>
      </object_component>
      <object_component id="oc-a3">
         <name>.const</name>
         <load_address>0x3260</load_address>
         <run_address>0x3260</run_address>
         <size>0x4</size>
         <input_file_ref idref="fl-14"/>
      </object_component>
      <object_component id="oc-64f">
         <name>.cinit..data.load</name>
         <load_address>0x3268</load_address>
         <run_address>0x3268</run_address>
         <size>0x1f</size>
      </object_component>
      <object_component id="oc-64c">
         <name>__TI_handler_table</name>
         <load_address>0x3288</load_address>
         <run_address>0x3288</run_address>
         <size>0xc</size>
      </object_component>
      <object_component id="oc-650">
         <name>.cinit..bss.load</name>
         <load_address>0x3298</load_address>
         <run_address>0x3298</run_address>
         <size>0x8</size>
      </object_component>
      <object_component id="oc-64e">
         <name>.cinit..vtable.load</name>
         <load_address>0x32a0</load_address>
         <run_address>0x32a0</run_address>
         <size>0x8</size>
      </object_component>
      <object_component id="oc-64d">
         <name>__TI_cinit_table</name>
         <load_address>0x32a8</load_address>
         <run_address>0x32a8</run_address>
         <size>0x18</size>
      </object_component>
      <object_component id="oc-576">
         <name>.vtable</name>
         <uninitialized>true</uninitialized>
         <run_address>0x20000000</run_address>
         <size>0x26c</size>
         <input_file_ref idref="fl-fd"/>
      </object_component>
      <object_component id="oc-5a1">
         <name>.data:writeDataBuffer</name>
         <load_address>0x20007c28</load_address>
         <run_address>0x20007c28</run_address>
         <size>0xc8</size>
         <input_file_ref idref="fl-a"/>
      </object_component>
      <object_component id="oc-470">
         <name>.data</name>
         <load_address>0x20007d36</load_address>
         <run_address>0x20007d36</run_address>
         <size>0x2</size>
         <input_file_ref idref="fl-b"/>
      </object_component>
      <object_component id="oc-38b">
         <name>.data</name>
         <load_address>0x20007d4d</load_address>
         <run_address>0x20007d4d</run_address>
         <size>0x2</size>
         <input_file_ref idref="fl-c"/>
      </object_component>
      <object_component id="oc-3ce">
         <name>.data</name>
         <load_address>0x20007d2c</load_address>
         <run_address>0x20007d2c</run_address>
         <size>0xa</size>
         <input_file_ref idref="fl-e"/>
      </object_component>
      <object_component id="oc-a0">
         <name>.data</name>
         <load_address>0x20007cf0</load_address>
         <run_address>0x20007cf0</run_address>
         <size>0x30</size>
         <input_file_ref idref="fl-13"/>
      </object_component>
      <object_component id="oc-3d8">
         <name>.data</name>
         <load_address>0x20007d50</load_address>
         <run_address>0x20007d50</run_address>
         <size>0x4</size>
         <input_file_ref idref="fl-14"/>
      </object_component>
      <object_component id="oc-401">
         <name>.data</name>
         <load_address>0x20007d40</load_address>
         <run_address>0x20007d40</run_address>
         <size>0x8</size>
         <input_file_ref idref="fl-16"/>
      </object_component>
      <object_component id="oc-2f7">
         <name>.data</name>
         <load_address>0x20007d48</load_address>
         <run_address>0x20007d48</run_address>
         <size>0x5</size>
         <input_file_ref idref="fl-18"/>
      </object_component>
      <object_component id="oc-107">
         <name>.data:$O1$$</name>
         <load_address>0x20007d20</load_address>
         <run_address>0x20007d20</run_address>
         <size>0xc</size>
         <input_file_ref idref="fl-da"/>
      </object_component>
      <object_component id="oc-98">
         <name>.data</name>
         <load_address>0x20007d54</load_address>
         <run_address>0x20007d54</run_address>
         <size>0x4</size>
         <input_file_ref idref="fl-e1"/>
      </object_component>
      <object_component id="oc-10a">
         <name>.data:$O1$$</name>
         <load_address>0x20007d38</load_address>
         <run_address>0x20007d38</run_address>
         <size>0x8</size>
         <input_file_ref idref="fl-e3"/>
      </object_component>
      <object_component id="oc-595">
         <name>.bss</name>
         <uninitialized>true</uninitialized>
         <run_address>0x200079d8</run_address>
         <size>0x8</size>
         <input_file_ref idref="fl-a"/>
      </object_component>
      <object_component id="oc-ba">
         <name>.bss:g_sI2CMI2C0Inst</name>
         <uninitialized>true</uninitialized>
         <run_address>0x2000779c</run_address>
         <size>0x124</size>
         <input_file_ref idref="fl-a"/>
      </object_component>
      <object_component id="oc-4f2">
         <name>.bss:sMPU6050</name>
         <uninitialized>true</uninitialized>
         <run_address>0x20007924</run_address>
         <size>0x38</size>
         <input_file_ref idref="fl-a"/>
      </object_component>
      <object_component id="oc-11e">
         <name>.bss:pxReadyTasksLists</name>
         <uninitialized>true</uninitialized>
         <run_address>0x200078c0</run_address>
         <size>0x64</size>
         <input_file_ref idref="fl-13"/>
      </object_component>
      <object_component id="oc-458">
         <name>.bss:xDelayedTaskList1</name>
         <uninitialized>true</uninitialized>
         <run_address>0x2000795c</run_address>
         <size>0x14</size>
         <input_file_ref idref="fl-13"/>
      </object_component>
      <object_component id="oc-45b">
         <name>.bss:xDelayedTaskList2</name>
         <uninitialized>true</uninitialized>
         <run_address>0x20007970</run_address>
         <size>0x14</size>
         <input_file_ref idref="fl-13"/>
      </object_component>
      <object_component id="oc-134">
         <name>.bss</name>
         <uninitialized>true</uninitialized>
         <run_address>0x200079e0</run_address>
         <size>0x8</size>
         <input_file_ref idref="fl-13"/>
      </object_component>
      <object_component id="oc-45e">
         <name>.bss:xPendingReadyList</name>
         <uninitialized>true</uninitialized>
         <run_address>0x20007984</run_address>
         <size>0x14</size>
         <input_file_ref idref="fl-13"/>
      </object_component>
      <object_component id="oc-461">
         <name>.bss:xTasksWaitingTermination</name>
         <uninitialized>true</uninitialized>
         <run_address>0x200079ac</run_address>
         <size>0x14</size>
         <input_file_ref idref="fl-13"/>
      </object_component>
      <object_component id="oc-464">
         <name>.bss:xSuspendedTaskList</name>
         <uninitialized>true</uninitialized>
         <run_address>0x20007998</run_address>
         <size>0x14</size>
         <input_file_ref idref="fl-13"/>
      </object_component>
      <object_component id="oc-52a">
         <name>.bss:ucHeap</name>
         <uninitialized>true</uninitialized>
         <run_address>0x2000026c</run_address>
         <size>0x7530</size>
         <input_file_ref idref="fl-16"/>
      </object_component>
      <object_component id="oc-404">
         <name>.bss:xStart</name>
         <uninitialized>true</uninitialized>
         <run_address>0x200079f0</run_address>
         <size>0x8</size>
         <input_file_ref idref="fl-16"/>
      </object_component>
      <object_component id="oc-407">
         <name>.bss:xEnd</name>
         <uninitialized>true</uninitialized>
         <run_address>0x200079e8</run_address>
         <size>0x8</size>
         <input_file_ref idref="fl-16"/>
      </object_component>
      <object_component id="oc-36e">
         <name>.common:queueValue</name>
         <uninitialized>true</uninitialized>
         <run_address>0x20007a22</run_address>
         <size>0x2</size>
      </object_component>
      <object_component id="oc-3cb">
         <name>.common:ACCValue</name>
         <uninitialized>true</uninitialized>
         <run_address>0x200079c0</run_address>
         <size>0xc</size>
      </object_component>
      <object_component id="oc-3b8">
         <name>.common:x</name>
         <uninitialized>true</uninitialized>
         <run_address>0x200079cc</run_address>
         <size>0xc</size>
      </object_component>
      <object_component id="oc-487">
         <name>.common:co2Value</name>
         <uninitialized>true</uninitialized>
         <run_address>0x20007a20</run_address>
         <size>0x2</size>
      </object_component>
      <object_component id="oc-3cd">
         <name>.common:CO2Buffer</name>
         <uninitialized>true</uninitialized>
         <run_address>0x20007a1c</run_address>
         <size>0x2</size>
      </object_component>
      <object_component id="oc-3c8">
         <name>.common:PIRBuffer</name>
         <uninitialized>true</uninitialized>
         <run_address>0x20007a24</run_address>
         <size>0x1</size>
      </object_component>
      <object_component id="oc-3cc">
         <name>.common:SOUNDBuffer</name>
         <uninitialized>true</uninitialized>
         <run_address>0x20007a1e</run_address>
         <size>0x2</size>
      </object_component>
      <object_component id="oc-263">
         <name>.common:bUI_Q</name>
         <uninitialized>true</uninitialized>
         <run_address>0x20007a0c</run_address>
         <size>0x4</size>
      </object_component>
      <object_component id="oc-266">
         <name>.common:UI_Q</name>
         <uninitialized>true</uninitialized>
         <run_address>0x20007a08</run_address>
         <size>0x4</size>
      </object_component>
      <object_component id="oc-267">
         <name>.common:PIR_Q</name>
         <uninitialized>true</uninitialized>
         <run_address>0x20007a00</run_address>
         <size>0x4</size>
      </object_component>
      <object_component id="oc-268">
         <name>.common:CO2_Q</name>
         <uninitialized>true</uninitialized>
         <run_address>0x200079fc</run_address>
         <size>0x4</size>
      </object_component>
      <object_component id="oc-269">
         <name>.common:SOUND_Q</name>
         <uninitialized>true</uninitialized>
         <run_address>0x20007a04</run_address>
         <size>0x4</size>
      </object_component>
      <object_component id="oc-26a">
         <name>.common:ACC_Q</name>
         <uninitialized>true</uninitialized>
         <run_address>0x200079f8</run_address>
         <size>0x4</size>
      </object_component>
      <object_component id="oc-272">
         <name>.common:uartMutexX</name>
         <uninitialized>true</uninitialized>
         <run_address>0x20007a14</run_address>
         <size>0x4</size>
      </object_component>
      <object_component id="oc-273">
         <name>.common:xMutexX</name>
         <uninitialized>true</uninitialized>
         <run_address>0x20007a18</run_address>
         <size>0x4</size>
      </object_component>
      <object_component id="oc-274">
         <name>.common:ledMutexX</name>
         <uninitialized>true</uninitialized>
         <run_address>0x20007a10</run_address>
         <size>0x4</size>
      </object_component>
      <object_component id="oc-2a">
         <name>.stack</name>
         <uninitialized>true</uninitialized>
         <run_address>0x20007a28</run_address>
         <size>0x0</size>
         <input_file_ref idref="fl-d6"/>
      </object_component>
      <object_component id="oc-651">
         <name>.stack</name>
         <uninitialized>true</uninitialized>
         <run_address>0x20007a28</run_address>
         <size>0x0</size>
      </object_component>
      <object_component id="oc-18a">
         <name>.debug_info</name>
         <load_address>0x0</load_address>
         <run_address>0x0</run_address>
         <size>0x4b3</size>
         <input_file_ref idref="fl-2"/>
      </object_component>
      <object_component id="oc-1de">
         <name>.debug_info</name>
         <load_address>0x4b3</load_address>
         <run_address>0x4b3</run_address>
         <size>0x119</size>
         <input_file_ref idref="fl-2"/>
      </object_component>
      <object_component id="oc-119">
         <name>.debug_info</name>
         <load_address>0x5cc</load_address>
         <run_address>0x5cc</run_address>
         <size>0x16e</size>
         <input_file_ref idref="fl-2"/>
      </object_component>
      <object_component id="oc-1a2">
         <name>.debug_info</name>
         <load_address>0x73a</load_address>
         <run_address>0x73a</run_address>
         <size>0x174</size>
         <input_file_ref idref="fl-2"/>
      </object_component>
      <object_component id="oc-100">
         <name>.debug_info</name>
         <load_address>0x8ae</load_address>
         <run_address>0x8ae</run_address>
         <size>0x219</size>
         <input_file_ref idref="fl-2"/>
      </object_component>
      <object_component id="oc-d4">
         <name>.debug_info</name>
         <load_address>0xac7</load_address>
         <run_address>0xac7</run_address>
         <size>0x2ef</size>
         <input_file_ref idref="fl-2"/>
      </object_component>
      <object_component id="oc-c0">
         <name>.debug_info</name>
         <load_address>0xdb6</load_address>
         <run_address>0xdb6</run_address>
         <size>0x4e6</size>
         <input_file_ref idref="fl-2"/>
      </object_component>
      <object_component id="oc-5a7">
         <name>.debug_info</name>
         <load_address>0x129c</load_address>
         <run_address>0x129c</run_address>
         <size>0x158</size>
         <input_file_ref idref="fl-2"/>
      </object_component>
      <object_component id="oc-5d">
         <name>.debug_info</name>
         <load_address>0x13f4</load_address>
         <run_address>0x13f4</run_address>
         <size>0x84</size>
         <input_file_ref idref="fl-2"/>
      </object_component>
      <object_component id="oc-30c">
         <name>.debug_info</name>
         <load_address>0x1478</load_address>
         <run_address>0x1478</run_address>
         <size>0x46</size>
         <input_file_ref idref="fl-2"/>
      </object_component>
      <object_component id="oc-315">
         <name>.debug_info</name>
         <load_address>0x14be</load_address>
         <run_address>0x14be</run_address>
         <size>0x2c</size>
         <input_file_ref idref="fl-2"/>
      </object_component>
      <object_component id="oc-18b">
         <name>.debug_info</name>
         <load_address>0x14ea</load_address>
         <run_address>0x14ea</run_address>
         <size>0x2c</size>
         <input_file_ref idref="fl-2"/>
      </object_component>
      <object_component id="oc-480">
         <name>.debug_info</name>
         <load_address>0x1516</load_address>
         <run_address>0x1516</run_address>
         <size>0xae</size>
         <input_file_ref idref="fl-2"/>
      </object_component>
      <object_component id="oc-c5">
         <name>.debug_info</name>
         <load_address>0x15c4</load_address>
         <run_address>0x15c4</run_address>
         <size>0x18b</size>
         <input_file_ref idref="fl-2"/>
      </object_component>
      <object_component id="oc-ca">
         <name>.debug_info</name>
         <load_address>0x174f</load_address>
         <run_address>0x174f</run_address>
         <size>0x53</size>
         <input_file_ref idref="fl-2"/>
      </object_component>
      <object_component id="oc-5ce">
         <name>.debug_info</name>
         <load_address>0x17a2</load_address>
         <run_address>0x17a2</run_address>
         <size>0x4e</size>
         <input_file_ref idref="fl-2"/>
      </object_component>
      <object_component id="oc-cf">
         <name>.debug_info</name>
         <load_address>0x17f0</load_address>
         <run_address>0x17f0</run_address>
         <size>0x14c</size>
         <input_file_ref idref="fl-2"/>
      </object_component>
      <object_component id="oc-56">
         <name>.debug_info</name>
         <load_address>0x193c</load_address>
         <run_address>0x193c</run_address>
         <size>0x380</size>
         <input_file_ref idref="fl-3"/>
      </object_component>
      <object_component id="oc-10">
         <name>.debug_info</name>
         <load_address>0x1cbc</load_address>
         <run_address>0x1cbc</run_address>
         <size>0xfd</size>
         <input_file_ref idref="fl-3"/>
      </object_component>
      <object_component id="oc-2c">
         <name>.debug_info</name>
         <load_address>0x1db9</load_address>
         <run_address>0x1db9</run_address>
         <size>0x12d</size>
         <input_file_ref idref="fl-3"/>
      </object_component>
      <object_component id="oc-32">
         <name>.debug_info</name>
         <load_address>0x1ee6</load_address>
         <run_address>0x1ee6</run_address>
         <size>0x11e</size>
         <input_file_ref idref="fl-3"/>
      </object_component>
      <object_component id="oc-3e">
         <name>.debug_info</name>
         <load_address>0x2004</load_address>
         <run_address>0x2004</run_address>
         <size>0x136</size>
         <input_file_ref idref="fl-3"/>
      </object_component>
      <object_component id="oc-38">
         <name>.debug_info</name>
         <load_address>0x213a</load_address>
         <run_address>0x213a</run_address>
         <size>0x124</size>
         <input_file_ref idref="fl-3"/>
      </object_component>
      <object_component id="oc-e8">
         <name>.debug_info</name>
         <load_address>0x225e</load_address>
         <run_address>0x225e</run_address>
         <size>0x2c</size>
         <input_file_ref idref="fl-3"/>
      </object_component>
      <object_component id="oc-36f">
         <name>.debug_info</name>
         <load_address>0x228a</load_address>
         <run_address>0x228a</run_address>
         <size>0x31b</size>
         <input_file_ref idref="fl-4"/>
      </object_component>
      <object_component id="oc-1c0">
         <name>.debug_info</name>
         <load_address>0x25a5</load_address>
         <run_address>0x25a5</run_address>
         <size>0x170</size>
         <input_file_ref idref="fl-4"/>
      </object_component>
      <object_component id="oc-29d">
         <name>.debug_info</name>
         <load_address>0x2715</load_address>
         <run_address>0x2715</run_address>
         <size>0x1cb</size>
         <input_file_ref idref="fl-4"/>
      </object_component>
      <object_component id="oc-371">
         <name>.debug_info</name>
         <load_address>0x28e0</load_address>
         <run_address>0x28e0</run_address>
         <size>0x31b</size>
         <input_file_ref idref="fl-5"/>
      </object_component>
      <object_component id="oc-1ba">
         <name>.debug_info</name>
         <load_address>0x2bfb</load_address>
         <run_address>0x2bfb</run_address>
         <size>0x170</size>
         <input_file_ref idref="fl-5"/>
      </object_component>
      <object_component id="oc-290">
         <name>.debug_info</name>
         <load_address>0x2d6b</load_address>
         <run_address>0x2d6b</run_address>
         <size>0x1cb</size>
         <input_file_ref idref="fl-5"/>
      </object_component>
      <object_component id="oc-3b9">
         <name>.debug_info</name>
[...]
      </symbol>
      <symbol id="sm-32b">
         <name>printUARTData</name>
         <value>0x18fd</value>
         <object_component_ref idref="oc-3bc"/>
      </symbol>
      <symbol id="sm-360">
         <name>uxListRemove</name>
         <value>0x2e43</value>
         <object_component_ref idref="oc-128"/>
      </symbol>
      <symbol id="sm-361">
         <name>vListInsert</name>
         <value>0x2b67</value>
         <object_component_ref idref="oc-547"/>
      </symbol>
      <symbol id="sm-362">
         <name>vListInitialiseItem</name>
         <value>0x30ed</value>
         <object_component_ref idref="oc-449"/>
      </symbol>
      <symbol id="sm-363">
         <name>vListInsertEnd</name>
         <value>0x2f65</value>
         <object_component_ref idref="oc-12e"/>
      </symbol>
      <symbol id="sm-364">
         <name>vListInitialise</name>
         <value>0x2fad</value>
         <object_component_ref idref="oc-31a"/>
      </symbol>
      <symbol id="sm-3f4">
         <name>xQueueGenericCreate</name>
         <value>0x2af1</value>
         <object_component_ref idref="oc-25d"/>
      </symbol>
      <symbol id="sm-3f5">
         <name>xQueueCreateMutex</name>
         <value>0x2585</value>
         <object_component_ref idref="oc-26c"/>
      </symbol>
      <symbol id="sm-3f6">
         <name>xQueueGenericSend</name>
         <value>0xb75</value>
         <object_component_ref idref="oc-320"/>
      </symbol>
      <symbol id="sm-3f7">
         <name>xQueueGenericReset</name>
         <value>0x14cd</value>
         <object_component_ref idref="oc-305"/>
      </symbol>
      <symbol id="sm-3f8">
         <name>xQueueGenericReceive</name>
         <value>0x589</value>
         <object_component_ref idref="oc-385"/>
      </symbol>
      <symbol id="sm-5cc">
         <name>vTaskDelay</name>
         <value>0x2071</value>
         <object_component_ref idref="oc-502"/>
      </symbol>
      <symbol id="sm-5cd">
         <name>vTaskSuspendAll</name>
         <value>0x3055</value>
         <object_component_ref idref="oc-3ef"/>
      </symbol>
      <symbol id="sm-5ce">
         <name>vTaskPriorityInherit</name>
         <value>0x12a1</value>
         <object_component_ref idref="oc-499"/>
      </symbol>
      <symbol id="sm-5cf">
         <name>vTaskPlaceOnEventList</name>
         <value>0x1d0d</value>
         <object_component_ref idref="oc-433"/>
      </symbol>
      <symbol id="sm-5d0">
         <name>xTaskCheckForTimeOut</name>
         <value>0x2279</value>
         <object_component_ref idref="oc-421"/>
      </symbol>
      <symbol id="sm-5d1">
         <name>xTaskPriorityDisinherit</name>
         <value>0x1551</value>
         <object_component_ref idref="oc-54e"/>
      </symbol>
      <symbol id="sm-5d2">
         <name>vTaskStartScheduler</name>
         <value>0x1f55</value>
         <object_component_ref idref="oc-1e3"/>
      </symbol>
      <symbol id="sm-5d3">
         <name>pvTaskIncrementMutexHeldCount</name>
         <value>0x2f35</value>
         <object_component_ref idref="oc-4a5"/>
      </symbol>
      <symbol id="sm-5d4">
         <name>vTaskDelayUntil</name>
         <value>0x1449</value>
         <object_component_ref idref="oc-35f"/>
      </symbol>
      <symbol id="sm-5d5">
         <name>vTaskMissedYield</name>
         <value>0x3099</value>
         <object_component_ref idref="oc-53f"/>
      </symbol>
      <symbol id="sm-5d6">
         <name>xTaskResumeAll</name>
         <value>0xc5d</value>
         <object_component_ref idref="oc-3fb"/>
      </symbol>
      <symbol id="sm-5d7">
         <name>xTaskGetTickCount</name>
         <value>0x30a5</value>
         <object_component_ref idref="oc-353"/>
      </symbol>
      <symbol id="sm-5d8">
         <name>xTaskGenericCreate</name>
         <value>0x6a1</value>
         <object_component_ref idref="oc-27c"/>
      </symbol>
      <symbol id="sm-5d9">
         <name>pxCurrentTCB</name>
         <value>0x20007cf0</value>
         <object_component_ref idref="oc-a0"/>
      </symbol>
      <symbol id="sm-5da">
         <name>vTaskSetTimeOutState</name>
         <value>0x2f95</value>
         <object_component_ref idref="oc-41b"/>
      </symbol>
      <symbol id="sm-5db">
         <name>xTaskIncrementTick</name>
         <value>0x7a5</value>
         <object_component_ref idref="oc-ad"/>
      </symbol>
      <symbol id="sm-5dc">
         <name>vTaskSwitchContext</name>
         <value>0x1335</value>
         <object_component_ref idref="oc-a6"/>
      </symbol>
      <symbol id="sm-5dd">
         <name>xTaskRemoveFromEventList</name>
         <value>0x1735</value>
         <object_component_ref idref="oc-40c"/>
      </symbol>
      <symbol id="sm-637">
         <name>ulMaxSyscallInterruptPriority</name>
         <value>0x3260</value>
         <object_component_ref idref="oc-a3"/>
      </symbol>
      <symbol id="sm-638">
         <name>vPortSetupTimerInterrupt</name>
         <value>0x2fed</value>
         <object_component_ref idref="oc-3d2"/>
      </symbol>
      <symbol id="sm-639">
         <name>xPortSysTickHandler</name>
         <value>0x2d05</value>
         <object_component_ref idref="oc-48"/>
      </symbol>
      <symbol id="sm-63a">
         <name>pxPortInitialiseStack</name>
         <value>0x2dd5</value>
         <object_component_ref idref="oc-33a"/>
      </symbol>
      <symbol id="sm-63b">
         <name>vPortExitCritical</name>
         <value>0x2f7d</value>
         <object_component_ref idref="oc-34c"/>
      </symbol>
      <symbol id="sm-63c">
         <name>xPortStartScheduler</name>
         <value>0x2905</value>
         <object_component_ref idref="oc-2d8"/>
      </symbol>
      <symbol id="sm-63d">
         <name>vPortEnterCritical</name>
         <value>0x2e81</value>
         <object_component_ref idref="oc-340"/>
      </symbol>
      <symbol id="sm-64c">
         <name>vPortStartFirstTask</name>
         <value>0xde9</value>
         <object_component_ref idref="oc-43"/>
      </symbol>
      <symbol id="sm-64d">
         <name>ulPortGetIPSR</name>
         <value>0xd51</value>
         <object_component_ref idref="oc-43"/>
      </symbol>
      <symbol id="sm-64e">
         <name>vPortEnableVFP</name>
         <value>0xe05</value>
         <object_component_ref idref="oc-43"/>
      </symbol>
      <symbol id="sm-64f">
         <name>xPortPendSVHandler</name>
         <value>0xd69</value>
         <object_component_ref idref="oc-43"/>
      </symbol>
      <symbol id="sm-650">
         <name>vPortSVCHandler</name>
         <value>0xdc9</value>
         <object_component_ref idref="oc-43"/>
      </symbol>
      <symbol id="sm-6a5">
         <name>pvPortMalloc</name>
         <value>0x1029</value>
         <object_component_ref idref="oc-2ff"/>
      </symbol>
      <symbol id="sm-6a6">
         <name>vPortFree</name>
         <value>0x27bd</value>
         <object_component_ref idref="oc-442"/>
      </symbol>
      <symbol id="sm-6cb">
         <name>bUI_Q</name>
         <value>0x20007a0c</value>
      </symbol>
      <symbol id="sm-6cc">
         <name>UI_Q</name>
         <value>0x20007a08</value>
      </symbol>
      <symbol id="sm-6cd">
         <name>PIR_Q</name>
         <value>0x20007a00</value>
      </symbol>
      <symbol id="sm-6ce">
         <name>CO2_Q</name>
         <value>0x200079fc</value>
      </symbol>
      <symbol id="sm-6cf">
         <name>SOUND_Q</name>
         <value>0x20007a04</value>
      </symbol>
      <symbol id="sm-6d0">
         <name>ACC_Q</name>
         <value>0x200079f8</value>
      </symbol>
      <symbol id="sm-6d1">
         <name>uartMutexX</name>
         <value>0x20007a14</value>
      </symbol>
      <symbol id="sm-6d2">
         <name>xMutexX</name>
         <value>0x20007a18</value>
      </symbol>
      <symbol id="sm-6d3">
         <name>ledMutexX</name>
         <value>0x20007a10</value>
      </symbol>
      <symbol id="sm-6d4">
         <name>xQueuesCreated</name>
         <value>0x1209</value>
         <object_component_ref idref="oc-1a7"/>
      </symbol>
      <symbol id="sm-6d5">
         <name>xSemaphoresCreated</name>
         <value>0x2945</value>
         <object_component_ref idref="oc-1ad"/>
      </symbol>
      <symbol id="sm-743">
         <name>UARTStdioConfig</name>
         <value>0x1e35</value>
         <object_component_ref idref="oc-256"/>
      </symbol>
      <symbol id="sm-744">
         <name>UARTwrite</name>
         <value>0x2665</value>
         <object_component_ref idref="oc-612"/>
      </symbol>
      <symbol id="sm-745">
         <name>UARTprintf</name>
         <value>0x2eb7</value>
         <object_component_ref idref="oc-512"/>
      </symbol>
      <symbol id="sm-746">
         <name>UARTvprintf</name>
         <value>0x26d</value>
         <object_component_ref idref="oc-5c7"/>
      </symbol>
      <symbol id="sm-759">
         <name>_c_int00</name>
         <value>0x21d1</value>
         <object_component_ref idref="oc-24"/>
      </symbol>
      <symbol id="sm-75a">
         <name>__stack</name>
         <value>0x20007a28</value>
         <object_component_ref idref="oc-2a"/>
      </symbol>
      <symbol id="sm-778">
         <name>__TI_decompress_lzss</name>
         <value>0x1aad</value>
         <object_component_ref idref="oc-12"/>
      </symbol>
      <symbol id="sm-78f">
         <name>__TI_decompress_none</name>
         <value>0x3065</value>
         <object_component_ref idref="oc-18"/>
      </symbol>
      <symbol id="sm-7a1">
         <name>__TI_zero_init</name>
         <value>0x308d</value>
         <object_component_ref idref="oc-1e"/>
      </symbol>
      <symbol id="sm-7c2">
         <name>C$$EXIT</name>
         <value>0x2225</value>
         <object_component_ref idref="oc-92"/>
      </symbol>
      <symbol id="sm-7c3">
         <name>abort</name>
         <value>0x2229</value>
         <object_component_ref idref="oc-92"/>
      </symbol>
      <symbol id="sm-7c4">
         <name>exit</name>
         <value>0x2231</value>
         <object_component_ref idref="oc-92"/>
      </symbol>
      <symbol id="sm-7c5">
         <name>__TI_dtors_ptr</name>
         <value>0x20007d24</value>
         <object_component_ref idref="oc-107"/>
      </symbol>
      <symbol id="sm-7c6">
         <name>__TI_cleanup_ptr</name>
         <value>0x20007d20</value>
         <object_component_ref idref="oc-107"/>
      </symbol>
      <symbol id="sm-7c7">
         <name>__TI_enable_exit_profile_output</name>
         <value>0x20007d28</value>
         <object_component_ref idref="oc-107"/>
      </symbol>
      <symbol id="sm-7e3">
         <name>memcpy</name>
         <value>0x10d5</value>
         <object_component_ref idref="oc-62"/>
      </symbol>
      <symbol id="sm-7e4">
         <name>__aeabi_memcpy</name>
         <value>0x10d5</value>
         <object_component_ref idref="oc-62"/>
      </symbol>
      <symbol id="sm-7e5">
         <name>__aeabi_memcpy8</name>
         <value>0x10d5</value>
         <object_component_ref idref="oc-62"/>
      </symbol>
      <symbol id="sm-7e6">
         <name>__aeabi_memcpy4</name>
         <value>0x10d5</value>
         <object_component_ref idref="oc-62"/>
      </symbol>
      <symbol id="sm-7f5">
         <name>__aeabi_memset</name>
         <value>0x15cf</value>
         <object_component_ref idref="oc-6e"/>
      </symbol>
      <symbol id="sm-7f6">
         <name>memset</name>
         <value>0x15d5</value>
         <object_component_ref idref="oc-6e"/>
      </symbol>
      <symbol id="sm-7f7">
         <name>__aeabi_memset8</name>
         <value>0x15cf</value>
         <object_component_ref idref="oc-6e"/>
      </symbol>
      <symbol id="sm-7f8">
         <name>__aeabi_memset4</name>
         <value>0x15cf</value>
         <object_component_ref idref="oc-6e"/>
      </symbol>
      <symbol id="sm-7f9">
         <name>__aeabi_memclr8</name>
         <value>0x15cd</value>
         <object_component_ref idref="oc-6e"/>
      </symbol>
      <symbol id="sm-7fa">
         <name>__aeabi_memclr4</name>
         <value>0x15cd</value>
         <object_component_ref idref="oc-6e"/>
      </symbol>
      <symbol id="sm-7fb">
         <name>__aeabi_memclr</name>
         <value>0x15cd</value>
         <object_component_ref idref="oc-6e"/>
      </symbol>
      <symbol id="sm-805">
         <name>__mpu_init</name>
         <value>0x1dd3</value>
         <object_component_ref idref="oc-7a"/>
      </symbol>
      <symbol id="sm-80f">
         <name>_system_pre_init</name>
         <value>0x3103</value>
         <object_component_ref idref="oc-80"/>
      </symbol>
      <symbol id="sm-818">
         <name>main_func_sp</name>
         <value>0x20007d54</value>
         <object_component_ref idref="oc-98"/>
      </symbol>
      <symbol id="sm-827">
         <name>__aeabi_uidivmod</name>
         <value>0x28c5</value>
         <object_component_ref idref="oc-618"/>
      </symbol>
      <symbol id="sm-828">
         <name>__aeabi_uidiv</name>
         <value>0x28c5</value>
         <object_component_ref idref="oc-618"/>
      </symbol>
      <symbol id="sm-841">
         <name>_nop</name>
         <value>0x2fe7</value>
         <object_component_ref idref="oc-1f3"/>
      </symbol>
      <symbol id="sm-842">
         <name>_lock</name>
         <value>0x20007d38</value>
         <object_component_ref idref="oc-10a"/>
      </symbol>
      <symbol id="sm-843">
         <name>_unlock</name>
         <value>0x20007d3c</value>
         <object_component_ref idref="oc-10a"/>
      </symbol>
      <symbol id="sm-844">
         <name>_register_lock</name>
         <value>0x2fdf</value>
         <object_component_ref idref="oc-1f3"/>
      </symbol>
      <symbol id="sm-845">
         <name>_register_unlock</name>
         <value>0x2fd9</value>
         <object_component_ref idref="oc-1f3"/>
      </symbol>
      <symbol id="sm-85a">
         <name>_args_main</name>
         <value>0x2f4d</value>
         <object_component_ref idref="oc-8c"/>
      </symbol>
      <symbol id="sm-885">
         <name>__TI_auto_init</name>
         <value>0x196d</value>
         <object_component_ref idref="oc-86"/>
      </symbol>
      <symbol id="sm-89f">
         <name>copy_in</name>
         <value>0x2539</value>
         <object_component_ref idref="oc-f1"/>
      </symbol>
      <symbol id="sm-8af">
         <name>__aeabi_idiv0</name>
         <value>0x181b</value>
         <object_component_ref idref="oc-625"/>
      </symbol>
      <symbol id="sm-8be">
         <name>_system_post_cinit</name>
         <value>0x2013</value>
         <object_component_ref idref="oc-f7"/>
      </symbol>
      <symbol id="sm-8ea">
         <name>GPIOPinTypeGPIOInput</name>
         <value>0x3001</value>
         <object_component_ref idref="oc-2a9"/>
      </symbol>
      <symbol id="sm-8eb">
         <name>GPIOPinRead</name>
         <value>0x30db</value>
         <object_component_ref idref="oc-46a"/>
      </symbol>
      <symbol id="sm-8ec">
         <name>GPIODirModeSet</name>
         <value>0x2d31</value>
         <object_component_ref idref="oc-37e"/>
      </symbol>
      <symbol id="sm-8ed">
         <name>GPIOPadConfigSet</name>
         <value>0x457</value>
         <object_component_ref idref="oc-327"/>
      </symbol>
      <symbol id="sm-965">
         <name>I2CIntRegister</name>
         <value>0x2f05</value>
         <object_component_ref idref="oc-399"/>
      </symbol>
      <symbol id="sm-966">
         <name>I2CMasterDataPut</name>
         <value>0x30fb</value>
         <object_component_ref idref="oc-231"/>
      </symbol>
      <symbol id="sm-967">
         <name>I2CMasterInitExpClk</name>
         <value>0x23bd</value>
         <object_component_ref idref="oc-4c7"/>
      </symbol>
      <symbol id="sm-968">
         <name>I2CMasterSlaveAddrSet</name>
         <value>0x30cb</value>
         <object_component_ref idref="oc-229"/>
      </symbol>
      <symbol id="sm-969">
         <name>I2CMasterDataGet</name>
         <value>0x30f7</value>
         <object_component_ref idref="oc-21f"/>
      </symbol>
      <symbol id="sm-96a">
         <name>I2CMasterIntEnableEx</name>
         <value>0x30c3</value>
         <object_component_ref idref="oc-4cd"/>
      </symbol>
      <symbol id="sm-96b">
         <name>I2CMasterTimeoutSet</name>
         <value>0x30ff</value>
         <object_component_ref idref="oc-39f"/>
      </symbol>
      <symbol id="sm-96c">
         <name>I2CMasterControl</name>
         <value>0x30f3</value>
         <object_component_ref idref="oc-13e"/>
      </symbol>
      <symbol id="sm-96d">
         <name>I2CMasterEnable</name>
         <value>0x30b1</value>
         <object_component_ref idref="oc-57f"/>
      </symbol>
      <symbol id="sm-96e">
         <name>I2CMasterIntClear</name>
         <value>0x30bb</value>
         <object_component_ref idref="oc-138"/>
      </symbol>
      <symbol id="sm-9d5">
         <name>IntIsEnabled</name>
         <value>0x1c45</value>
         <object_component_ref idref="oc-5e8"/>
      </symbol>
      <symbol id="sm-9d6">
         <name>IntEnable</name>
         <value>0x1a45</value>
         <object_component_ref idref="oc-4bf"/>
      </symbol>
      <symbol id="sm-9d7">
         <name>IntTrigger</name>
         <value>0x3081</value>
         <object_component_ref idref="oc-5f4"/>
      </symbol>
      <symbol id="sm-9d8">
         <name>IntDisable</name>
         <value>0x19dd</value>
         <object_component_ref idref="oc-5ee"/>
      </symbol>
      <symbol id="sm-9d9">
         <name>IntRegister</name>
         <value>0x2c09</value>
         <object_component_ref idref="oc-4b9"/>
      </symbol>
      <symbol id="sm-9da">
         <name>g_pfnRAMVectors</name>
         <value>0x20000000</value>
         <object_component_ref idref="oc-576"/>
      </symbol>
      <symbol id="sm-9ee">
         <name>SysCtlPeripheralEnable</name>
         <value>0x2c71</value>
         <object_component_ref idref="oc-2a3"/>
      </symbol>
      <symbol id="sm-9fb">
         <name>UARTClockSourceSet</name>
         <value>0x30e7</value>
         <object_component_ref idref="oc-250"/>
      </symbol>
      <symbol id="sm-acd">
         <name>I2CMCommand</name>
         <value>0x13c1</value>
         <object_component_ref idref="oc-587"/>
      </symbol>
      <symbol id="sm-ace">
         <name>I2CMInit</name>
         <value>0x2bd5</value>
         <object_component_ref idref="oc-3a5"/>
      </symbol>
      <symbol id="sm-acf">
         <name>I2CMReadModifyWrite8</name>
         <value>0x1649</value>
         <object_component_ref idref="oc-599"/>
      </symbol>
      <symbol id="sm-ad0">
         <name>I2CMIntHandler</name>
         <value>0x8a9</value>
         <object_component_ref idref="oc-b4"/>
      </symbol>
      <symbol id="sm-b21">
         <name>MPU6050DataAccelGetFloat</name>
         <value>0x188d</value>
         <object_component_ref idref="oc-5b3"/>
      </symbol>
      <symbol id="sm-b22">
         <name>MPU6050DataRead</name>
         <value>0x217d</value>
         <object_component_ref idref="oc-5ad"/>
      </symbol>
      <symbol id="sm-b23">
         <name>MPU6050Init</name>
         <value>0x2015</value>
         <object_component_ref idref="oc-4d4"/>
      </symbol>
      <symbol id="sm-b24">
         <name>MPU6050ReadModifyWrite</name>
         <value>0x2455</value>
         <object_component_ref idref="oc-4e0"/>
      </symbol>
      <symbol id="sm-b25">
         <name>__TI_static_base__</name>
         <value>0x0</value>
      </symbol>
      <symbol id="sm-b28">
         <name>SHT$$INIT_ARRAY$$Limit</name>
         <value>0x0</value>
      </symbol>
      <symbol id="sm-b29">
         <name>SHT$$INIT_ARRAY$$Base</name>
         <value>0x0</value>
      </symbol>
   </symbol_table>
   <title>Link successful</title>
</link_info>
