******************************************************************************
                  TI ARM Linker Unix v16.12.0                  
******************************************************************************
>> Linked Wed Apr  5 08:50:22 2017

OUTPUT FILE NAME:   <Bachelor.out>
ENTRY POINT SYMBOL: "_c_int00"  address: 000021d1


MEMORY CONFIGURATION

         name            origin    length      used     unused   attr    fill
----------------------  --------  ---------  --------  --------  ----  --------
  FLASH                 00000000   00040000  000032ba  0003cd46  R  X
  SRAM                  20000000   00008000  00007d55  000002ab  RW X


SEGMENT ALLOCATION MAP

run origin  load origin   length   init length attrs members
----------  ----------- ---------- ----------- ----- -------
00000000    00000000    000032c0   000032c0    r-x
  00000000    00000000    0000026c   0000026c    r-- .intvecs
  0000026c    0000026c    00002e9a   00002e9a    r-x .text
  00003108    00003108    0000015c   0000015c    r-- .const
  00003268    00003268    00000058   00000058    r-- .cinit
20000000    20000000    00007d58   00000000    rw-
  20000000    20000000    0000026c   00000000    rw- .vtable
  2000026c    2000026c    000077b9   00000000    rw- .bss
  20007a28    20007a28    00000200   00000000    rw- .stack
  20007c28    20007c28    00000130   00000000    rw- .data


SECTION ALLOCATION MAP

 output                                  attributes/
section   page    origin      length       input sections
--------  ----  ----------  ----------   ----------------
.intvecs   0    00000000    0000026c     
                  00000000    0000026c     startup_ccs.obj (.intvecs)

.text      0    0000026c    00002e9a     
                  0000026c    000001ea     uartstdio.obj (.text:UARTvprintf)
                  00000456    00000132     driverlib.lib : gpio.obj (.text:GPIOPadConfigSet)
                  00000588    00000118     queue.obj (.text:xQueueGenericReceive)
                  000006a0    00000104     tasks.obj (.text:xTaskGenericCreate)
                  000007a4    00000104     tasks.obj (.text:xTaskIncrementTick)
                  000008a8    000000f2     sensorlib.lib : i2cm_drv.obj (.text:I2CMIntHandler)
                  0000099a    00000002     startup_ccs.obj (.text:FaultISR)
                  0000099c    000000f0     sensorlib.lib : mpu6050.obj (.text:MPU6050Callback)
                  00000a8c    000000e8     inputInterpretTask.obj (.text:interpretTask)
                  00000b74    000000e8     queue.obj (.text:xQueueGenericSend)
                  00000c5c    000000e4     tasks.obj (.text:xTaskResumeAll)
                  00000d40    000000d2     portasm.obj (.text)
                  00000e12    00000002     startup_ccs.obj (.text:IntDefaultHandler)
                  00000e14    000000b8     accelerometer.obj (.text:MPU6050GetAccelChange)
                  00000ecc    000000b0     accelerometer.obj (.text:I2C0Init)
                  00000f7c    000000ac     accelerometer.obj (.text:MPU6050GetAccelMean)
                  00001028    000000ac     heap_2.obj (.text:pvPortMalloc)
                  000010d4    0000009c     rtsv7M4_T_le_v4SPD16_eabi.lib : memcpy_t2.obj (.text)
                  00001170    00000098     sensorlib.lib : i2cm_drv.obj (.text:I2CMStateIdle)
                  00001208    00000098     threading.obj (.text:xQueuesCreated)
                  000012a0    00000094     tasks.obj (.text:vTaskPriorityInherit)
                  00001334    0000008c     tasks.obj (.text:vTaskSwitchContext)
                  000013c0    00000088     sensorlib.lib : i2cm_drv.obj (.text:I2CMCommand)
                  00001448    00000084     tasks.obj (.text:vTaskDelayUntil)
                  000014cc    00000084     queue.obj (.text:xQueueGenericReset)
                  00001550    0000007c     tasks.obj (.text:xTaskPriorityDisinherit)
                  000015cc    0000007a     rtsv7M4_T_le_v4SPD16_eabi.lib : memset_t2.obj (.text)
                  00001646    00000002     startup_ccs.obj (.text:NmiSR)
                  00001648    00000078     sensorlib.lib : i2cm_drv.obj (.text:I2CMReadModifyWrite8)
                  000016c0    00000074     button.obj (.text:getButtonValue)
                  00001734    00000074     tasks.obj (.text:xTaskRemoveFromEventList)
                  000017a8    00000072     queue.obj (.text:prvCopyDataToQueue)
                  0000181a    00000002     rtsv7M4_T_le_v4SPD16_eabi.lib : i_div0.obj (.text)
                  0000181c    00000070     accelerometer.obj (.text:I2CWrite)
                  0000188c    00000070     sensorlib.lib : mpu6050.obj (.text:MPU6050DataAccelGetFloat)
                  000018fc    00000070     stateBuffers.obj (.text:printUARTData)
                  0000196c    00000070     rtsv7M4_T_le_v4SPD16_eabi.lib : autoinit.obj (.text)
                  000019dc    00000068     driverlib.lib : interrupt.obj (.text:IntDisable)
                  00001a44    00000068                   : interrupt.obj (.text:IntEnable)
                  00001aac    00000068     rtsv7M4_T_le_v4SPD16_eabi.lib : copy_decompress_lzss.obj (.text:decompress:lzss)
                  00001b14    00000068     soundDetector.obj (.text:soundDetectorInit)
                  00001b7c    00000064     CO2.obj (.text:CO2SensorInit)
                  00001be0    00000064     main.obj (.text:ConfigureUART)
                  00001c44    00000064     driverlib.lib : interrupt.obj (.text:IntIsEnabled)
                  00001ca8    00000064     accelerometer.obj (.text:MPU6050ReadInit)
                  00001d0c    00000064     tasks.obj (.text:vTaskPlaceOnEventList)
                  00001d70    00000062     queue.obj (.text:prvUnlockQueue)
                  00001dd2    00000002     rtsv7M4_T_le_v4SPD16_eabi.lib : mpu_init.obj (.text)
                  00001dd4    00000060     sensorlib.lib : i2cm_drv.obj (.text:I2CMReadModifyWrite8Callback)
                  00001e34    00000060     uartstdio.obj (.text:UARTStdioConfig)
                  00001e94    00000060     main.obj (.text:main)
                  00001ef4    00000060     tasks.obj (.text:prvInitialiseTaskLists)
                  00001f54    00000060     tasks.obj (.text:vTaskStartScheduler)
                  00001fb4    0000005e     sensorlib.lib : i2cm_drv.obj (.text:I2CMStateWritePause)
                  00002012    00000002     rtsv7M4_T_le_v4SPD16_eabi.lib : startup.obj (.text)
                  00002014    0000005c     sensorlib.lib : mpu6050.obj (.text:MPU6050Init)
                  00002070    0000005c     tasks.obj (.text:vTaskDelay)
                  000020cc    00000058     tasks.obj (.text:prvCheckTasksWaitingTermination)
                  00002124    00000056     tasks.obj (.text:prvInitialiseTCBVariables)
                  0000217a    00000002     main.obj (.text:vApplicationStackOverflowHook)
                  0000217c    00000054     sensorlib.lib : mpu6050.obj (.text:MPU6050DataRead)
                  000021d0    00000054     rtsv7M4_T_le_v4SPD16_eabi.lib : boot.obj (.text)
                  00002224    00000054                                   : exit.obj (.text)
                  00002278    00000054     tasks.obj (.text:xTaskCheckForTimeOut)
                  000022cc    00000050     sensorlib.lib : i2cm_drv.obj (.text:I2CMStateWriteFinal)
                  0000231c    00000050     accelerometer.obj (.text:I2CWait)
                  0000236c    00000050     button.obj (.text:buttonInit)
                  000023bc    0000004c     driverlib.lib : i2c.obj (.text:I2CMasterInitExpClk)
                  00002408    0000004c     accelerometer.obj (.text:I2CRead)
                  00002454    0000004c     sensorlib.lib : mpu6050.obj (.text:MPU6050ReadModifyWrite)
                  000024a0    0000004c     ledTask.obj (.text:ledTaskInit)
                  000024ec    0000004c     tasks.obj (.text:prvAddCurrentTaskToDelayedList)
                  00002538    0000004c     rtsv7M4_T_le_v4SPD16_eabi.lib : cpy_tbl.obj (.text)
                  00002584    0000004c     queue.obj (.text:xQueueCreateMutex)
                  000025d0    0000004a     sensorlib.lib : i2cm_drv.obj (.text:I2CMStateReadNext)
                  0000261a    00000048                   : i2cm_drv.obj (.text:I2CMStateWriteNext)
                  00002662    00000002     main.obj (.text:vTaskInitError)
                  00002664    00000048     uartstdio.obj (.text:UARTwrite)
                  000026ac    00000044     sensorlib.lib : i2cm_drv.obj (.text:I2CMStateCallback)
                  000026f0    00000044     accelerometerTask.obj (.text:accelerometerTask)
                  00002734    00000044     accelerometerTask.obj (.text:accelerometerTaskInit)
                  00002778    00000044     inputInterpretTask.obj (.text:interpretTaskInit)
                  000027bc    00000044     heap_2.obj (.text:vPortFree)
                  00002800    00000042     sensorlib.lib : i2cm_drv.obj (.text:I2CMStateReadFinal)
                  00002842    00000002     --HOLE-- [fill = 0]
                  00002844    00000040     driverlib.lib : i2c.obj (.text:_I2CIntNumberGet)
                  00002884    00000040     buttonTask.obj (.text:buttonTask)
                  000028c4    00000040     rtsv7M4_T_le_v4SPD16_eabi.lib : u_divt2.obj (.text)
                  00002904    00000040     port.obj (.text:xPortStartScheduler)
                  00002944    00000040     threading.obj (.text:xSemaphoresCreated)
                  00002984    0000003e     sensorlib.lib : i2cm_drv.obj (.text:I2CMStateReadPause)
                  000029c2    00000002     --HOLE-- [fill = 0]
                  000029c4    0000003c     CO2Task.obj (.text:CO2TaskInit)
                  00002a00    0000003c     PIRTask.obj (.text:PIRTaskInit)
                  00002a3c    0000003c     buttonTask.obj (.text:buttonTaskInit)
                  00002a78    0000003c     stateBuffers.obj (.text:printStringUART)
                  00002ab4    0000003c     soundTask.obj (.text:soundTaskInit)
                  00002af0    0000003c     queue.obj (.text:xQueueGenericCreate)
                  00002b2c    0000003a     tasks.obj (.text:prvAllocateTCBAndStack)
                  00002b66    00000038     list.obj (.text:vListInsert)
                  00002b9e    00000002     --HOLE-- [fill = 0]
                  00002ba0    00000034     CO2Task.obj (.text:CO2Task)
                  00002bd4    00000034     sensorlib.lib : i2cm_drv.obj (.text:I2CMInit)
                  00002c08    00000034     driverlib.lib : interrupt.obj (.text:IntRegister)
                  00002c3c    00000034     PIRTask.obj (.text:PIRTask)
                  00002c70    00000034     driverlib.lib : sysctl.obj (.text:SysCtlPeripheralEnable)
                  00002ca4    00000030     heap_2.obj (.text:prvHeapInit)
                  00002cd4    00000030     soundTask.obj (.text:soundTask)
                  00002d04    0000002c     port.obj (.text:xPortSysTickHandler)
                  00002d30    0000002a     driverlib.lib : gpio.obj (.text:GPIODirModeSet)
                  00002d5a    0000002a     sensorlib.lib : i2cm_drv.obj (.text:I2CMStateReadFirst)
                  00002d84    00000028     ledTask.obj (.text:ledTask)
                  00002dac    00000028     tasks.obj (.text:prvResetNextTaskUnblockTime)
                  00002dd4    00000028     port.obj (.text:pxPortInitialiseStack)
                  00002dfc    00000026     queue.obj (.text:prvCopyDataFromQueue)
                  00002e22    00000020     sensorlib.lib : i2cm_drv.obj (.text:I2CMStateReadOne)
                  00002e42    00000020     list.obj (.text:uxListRemove)
                  00002e62    0000001c     queue.obj (.text:prvIsQueueFull)
                  00002e7e    00000002     --HOLE-- [fill = 0]
                  00002e80    0000001c     port.obj (.text:vPortEnterCritical)
                  00002e9c    0000001a     sensorlib.lib : i2cm_drv.obj (.text:I2CMStateReadWait)
                  00002eb6    0000001a     uartstdio.obj (.text:UARTprintf)
                  00002ed0    0000001a     queue.obj (.text:prvIsQueueEmpty)
                  00002eea    00000002     --HOLE-- [fill = 0]
                  00002eec    00000018     accelerometer.obj (.text:I2CCallback)
                  00002f04    00000018     driverlib.lib : i2c.obj (.text:I2CIntRegister)
                  00002f1c    00000018     PIR.obj (.text:PIRSensorInit)
                  00002f34    00000018     tasks.obj (.text:pvTaskIncrementMutexHeldCount)
                  00002f4c    00000018     rtsv7M4_T_le_v4SPD16_eabi.lib : args_main.obj (.text)
                  00002f64    00000018     list.obj (.text:vListInsertEnd)
                  00002f7c    00000018     port.obj (.text:vPortExitCritical)
                  00002f94    00000018     tasks.obj (.text:vTaskSetTimeOutState)
                  00002fac    00000016     list.obj (.text:vListInitialise)
                  00002fc2    00000002     --HOLE-- [fill = 0]
                  00002fc4    00000014     CO2.obj (.text:getCO2Value)
                  00002fd8    00000014     rtsv7M4_T_le_v4SPD16_eabi.lib : _lock.obj (.text)
                  00002fec    00000014     port.obj (.text:vPortSetupTimerInterrupt)
                  00003000    00000012     driverlib.lib : gpio.obj (.text:GPIOPinTypeGPIOInput)
                  00003012    00000012     tasks.obj (.text:prvDeleteTCB)
                  00003024    00000010     PIR.obj (.text:getPIRValue)
                  00003034    00000010     soundDetector.obj (.text:getSoundValue)
                  00003044    00000010     port.obj (.text:prvTaskExitError)
                  00003054    00000010     tasks.obj (.text:vTaskSuspendAll)
                  00003064    0000000e     rtsv7M4_T_le_v4SPD16_eabi.lib : copy_decompress_none.obj (.text:decompress:none)
                  00003072    00000002     --HOLE-- [fill = 0]
                  00003074    0000000c     accelerometer.obj (.text:I2CM_I2C0_IntHandler)
                  00003080    0000000c     driverlib.lib : interrupt.obj (.text:IntTrigger)
                  0000308c    0000000c     rtsv7M4_T_le_v4SPD16_eabi.lib : copy_zero_init.obj (.text:decompress:ZI)
                  00003098    0000000c     tasks.obj (.text:vTaskMissedYield)
                  000030a4    0000000c     tasks.obj (.text:xTaskGetTickCount)
                  000030b0    0000000a     driverlib.lib : i2c.obj (.text:I2CMasterEnable)
                  000030ba    00000008                   : i2c.obj (.text:I2CMasterIntClear)
                  000030c2    00000008                   : i2c.obj (.text:I2CMasterIntEnableEx)
                  000030ca    00000008                   : i2c.obj (.text:I2CMasterSlaveAddrSet)
                  000030d2    00000008     tasks.obj (.text:prvIdleTask)
                  000030da    00000006     driverlib.lib : gpio.obj (.text:GPIOPinRead)
                  000030e0    00000006     startup_ccs.obj (.text:ResetISR)
                  000030e6    00000006     driverlib.lib : uart.obj (.text:UARTClockSourceSet)
                  000030ec    00000006     list.obj (.text:vListInitialiseItem)
                  000030f2    00000004     driverlib.lib : i2c.obj (.text:I2CMasterControl)
                  000030f6    00000004                   : i2c.obj (.text:I2CMasterDataGet)
                  000030fa    00000004                   : i2c.obj (.text:I2CMasterDataPut)
                  000030fe    00000004                   : i2c.obj (.text:I2CMasterTimeoutSet)
                  00003102    00000004     rtsv7M4_T_le_v4SPD16_eabi.lib : pre_init.obj (.text)

.const     0    00003108    0000015c     
                  00003108    00000070     driverlib.lib : interrupt.obj (.const)
                  00003178    00000050                   : i2c.obj (.const:g_ppui32I2CIntMapSnowflake)
                  000031c8    00000030                   : i2c.obj (.const:g_ppui32I2CIntMap)
                  000031f8    00000020     sensorlib.lib : mpu6050.obj (.const)
                  00003218    0000000c     accelerometer.obj (.const:$P$T0$1)
                  00003224    0000000c     accelerometer.obj (.const:$P$T1$2)
                  00003230    0000000c     accelerometer.obj (.const:$P$T2$3)
                  0000323c    0000000c     accelerometer.obj (.const:$P$T3$4)
                  00003248    0000000c     uartstdio.obj (.const:g_ui32UARTBase)
                  00003254    0000000c     uartstdio.obj (.const:g_ui32UARTPeriph)
                  00003260    00000004     port.obj (.const)

.cinit     0    00003268    00000058     
                  00003268    0000001f     (.cinit..data.load) [load image, compression = lzss]
                  00003287    00000001     --HOLE-- [fill = 0]
                  00003288    0000000c     (__TI_handler_table)
                  00003294    00000004     --HOLE-- [fill = 0]
                  00003298    00000008     (.cinit..bss.load) [load image, compression = zero_init]
                  000032a0    00000008     (.cinit..vtable.load) [load image, compression = zero_init]
                  000032a8    00000018     (__TI_cinit_table)

.init_array 
*          0    00000000    00000000     UNINITIALIZED

.vtable    0    20000000    0000026c     UNINITIALIZED
                  20000000    0000026c     driverlib.lib : interrupt.obj (.vtable)

.bss       0    2000026c    000077b9     UNINITIALIZED
                  2000026c    00007530     heap_2.obj (.bss:ucHeap)
                  2000779c    00000124     accelerometer.obj (.bss:g_sI2CMI2C0Inst)
                  200078c0    00000064     tasks.obj (.bss:pxReadyTasksLists)
                  20007924    00000038     accelerometer.obj (.bss:sMPU6050)
                  2000795c    00000014     tasks.obj (.bss:xDelayedTaskList1)
                  20007970    00000014     tasks.obj (.bss:xDelayedTaskList2)
                  20007984    00000014     tasks.obj (.bss:xPendingReadyList)
                  20007998    00000014     tasks.obj (.bss:xSuspendedTaskList)
                  200079ac    00000014     tasks.obj (.bss:xTasksWaitingTermination)
                  200079c0    0000000c     (.common:ACCValue)
                  200079cc    0000000c     (.common:x)
                  200079d8    00000008     accelerometer.obj (.bss)
                  200079e0    00000008     tasks.obj (.bss)
                  200079e8    00000008     heap_2.obj (.bss:xEnd)
                  200079f0    00000008     heap_2.obj (.bss:xStart)
                  200079f8    00000004     (.common:ACC_Q)
                  200079fc    00000004     (.common:CO2_Q)
                  20007a00    00000004     (.common:PIR_Q)
                  20007a04    00000004     (.common:SOUND_Q)
                  20007a08    00000004     (.common:UI_Q)
                  20007a0c    00000004     (.common:bUI_Q)
                  20007a10    00000004     (.common:ledMutexX)
                  20007a14    00000004     (.common:uartMutexX)
                  20007a18    00000004     (.common:xMutexX)
                  20007a1c    00000002     (.common:CO2Buffer)
                  20007a1e    00000002     (.common:SOUNDBuffer)
                  20007a20    00000002     (.common:co2Value)
                  20007a22    00000002     (.common:queueValue)
                  20007a24    00000001     (.common:PIRBuffer)

.data      0    20007c28    00000130     UNINITIALIZED
                  20007c28    000000c8     accelerometer.obj (.data:writeDataBuffer)
                  20007cf0    00000030     tasks.obj (.data)
                  20007d20    0000000c     rtsv7M4_T_le_v4SPD16_eabi.lib : exit.obj (.data:$O1$$)
                  20007d2c    0000000a     inputInterpretTask.obj (.data)
                  20007d36    00000002     button.obj (.data)
                  20007d38    00000008     rtsv7M4_T_le_v4SPD16_eabi.lib : _lock.obj (.data:$O1$$)
                  20007d40    00000008     heap_2.obj (.data)
                  20007d48    00000005     uartstdio.obj (.data)
                  20007d4d    00000002     ledTask.obj (.data)
                  20007d4f    00000001     --HOLE--
                  20007d50    00000004     port.obj (.data)
                  20007d54    00000004     rtsv7M4_T_le_v4SPD16_eabi.lib : stkdepth_vars.obj (.data)

.stack     0    20007a28    00000200     UNINITIALIZED
                  20007a28    00000200     --HOLE--

MODULE SUMMARY

       Module                     code    ro data   rw data
       ------                     ----    -------   -------
    ./
       startup_ccs.obj            12      620       0      
       main.obj                   200     0         0      
    +--+--------------------------+-------+---------+---------+
       Total:                     212     620       0      
                                                           
    ./CO2Task/
       CO2Task.obj                112     0         2      
    +--+--------------------------+-------+---------+---------+
       Total:                     112     0         2      
                                                           
    ./PIRTask/
       PIRTask.obj                112     0         0      
    +--+--------------------------+-------+---------+---------+
       Total:                     112     0         0      
                                                           
    ./accelerometerTask/
       accelerometerTask.obj      136     0         24     
    +--+--------------------------+-------+---------+---------+
       Total:                     136     0         24     
                                                           
    ./buttonTask/
       buttonTask.obj             124     0         0      
    +--+--------------------------+-------+---------+---------+
       Total:                     124     0         0      
                                                           
    ./drivers/CO2Sensor/
       CO2.obj                    120     0         2      
    +--+--------------------------+-------+---------+---------+
       Total:                     120     0         2      
                                                           
    ./drivers/PIR/
       PIR.obj                    40      0         0      
    +--+--------------------------+-------+---------+---------+
       Total:                     40      0         0      
                                                           
    ./drivers/accelerometer/
       accelerometer.obj          936     48        556    
    +--+--------------------------+-------+---------+---------+
       Total:                     936     48        556    
                                                           
    ./drivers/button/
       button.obj                 196     0         2      
    +--+--------------------------+-------+---------+---------+
       Total:                     196     0         2      
                                                           
    ./drivers/led/
       ledTask.obj                116     0         2      
    +--+--------------------------+-------+---------+---------+
       Total:                     116     0         2      
                                                           
    ./drivers/soundDetector/
       soundDetector.obj          120     0         0      
    +--+--------------------------+-------+---------+---------+
       Total:                     120     0         0      
                                                           
    ./inputInterpret/
       inputInterpretTask.obj     300     0         15     
    +--+--------------------------+-------+---------+---------+
       Total:                     300     0         15     
                                                           
    ./soundTask/
       soundTask.obj              108     0         0      
    +--+--------------------------+-------+---------+---------+
       Total:                     108     0         0      
                                                           
    ./stateBuffers/
       stateBuffers.obj           172     0         0      
    +--+--------------------------+-------+---------+---------+
       Total:                     172     0         0      
                                                           
    ./third_party/FreeRTOS/Source/
       tasks.obj                  2338    0         256    
       queue.obj                  1084    0         0      
       list.obj                   140     0         0      
    +--+--------------------------+-------+---------+---------+
       Total:                     3562    0         256    
                                                           
    ./third_party/FreeRTOS/Source/portable/CCS/ARM_CM4F/
       port.obj                   236     4         4      
       portasm.obj                210     0         0      
    +--+--------------------------+-------+---------+---------+
       Total:                     446     4         4      
                                                           
    ./third_party/FreeRTOS/Source/portable/MemMang/
       heap_2.obj                 288     0         30024  
    +--+--------------------------+-------+---------+---------+
       Total:                     288     0         30024  
                                                           
    ./threading/
       threading.obj              216     0         36     
    +--+--------------------------+-------+---------+---------+
       Total:                     216     0         36     
                                                           
    ./utils/
       uartstdio.obj              684     24        5      
    +--+--------------------------+-------+---------+---------+
       Total:                     684     24        5      
                                                           
    /Applications/ti/ccsv7/tools/compiler/ti-cgt-arm_16.12.0.STS/lib/rtsv7M4_T_le_v4SPD16_eabi.lib
       memcpy_t2.obj              156     0         0      
       memset_t2.obj              122     0         0      
       autoinit.obj               112     0         0      
       copy_decompress_lzss.obj   104     0         0      
       exit.obj                   84      0         12     
       boot.obj                   84      0         0      
       cpy_tbl.obj                76      0         0      
       u_divt2.obj                64      0         0      
       _lock.obj                  20      0         8      
       args_main.obj              24      0         0      
       copy_decompress_none.obj   14      0         0      
       copy_zero_init.obj         12      0         0      
       pre_init.obj               4       0         0      
       stkdepth_vars.obj          0       0         4      
       i_div0.obj                 2       0         0      
       mpu_init.obj               2       0         0      
       startup.obj                2       0         0      
    +--+--------------------------+-------+---------+---------+
       Total:                     882     0         24     
                                                           
    /Users/Katrine/ti/tirex-content/TivaWare_C_Series-2.1.3.156/driverlib/ccs/Debug/driverlib.lib
       interrupt.obj              372     112       620    
       gpio.obj                   372     0         0      
       i2c.obj                    214     128       0      
       sysctl.obj                 52      0         0      
       uart.obj                   6       0         0      
    +--+--------------------------+-------+---------+---------+
       Total:                     1016    240       620    
                                                           
    /Users/Katrine/ti/tirex-content/TivaWare_C_Series-2.1.3.156/sensorlib/ccs/Debug/sensorlib.lib
       i2cm_drv.obj               1414    0         0      
       mpu6050.obj                604     32        0      
    +--+--------------------------+-------+---------+---------+
       Total:                     2018    32        0      
                                                           
       Stack:                     0       0         512    
       Linker Generated:          0       83        0      
    +--+--------------------------+-------+---------+---------+
       Grand Total:               11916   1051      32084  


LINKER GENERATED COPY TABLES

__TI_cinit_table @ 000032a8 records: 3, size/record: 8, table size: 24
	.data: load addr=00003268, load size=0000001f bytes, run addr=20007c28, run size=00000130 bytes, compression=lzss
	.bss: load addr=00003298, load size=00000008 bytes, run addr=2000026c, run size=000077b9 bytes, compression=zero_init
	.vtable: load addr=000032a0, load size=00000008 bytes, run addr=20000000, run size=0000026c bytes, compression=zero_init


LINKER GENERATED HANDLER TABLE

__TI_handler_table @ 00003288 records: 3, size/record: 4, table size: 12
	index: 0, handler: __TI_zero_init
	index: 1, handler: __TI_decompress_lzss
	index: 2, handler: __TI_decompress_none


GLOBAL SYMBOLS: SORTED ALPHABETICALLY BY Name 

address   name                           
-------   ----                           
200079c0  ACCValue                       
200079f8  ACC_Q                          
00002225  C$$EXIT                        
20007a1c  CO2Buffer                      
20007d2c  CO2Count                       
00001b7d  CO2SensorInit                  
000029c5  CO2TaskInit                    
20007d30  CO2Value                       
200079fc  CO2_Q                          
00001be1  ConfigureUART                  
00002d31  GPIODirModeSet                 
00000457  GPIOPadConfigSet               
000030db  GPIOPinRead                    
00003001  GPIOPinTypeGPIOInput           
00002f05  I2CIntRegister                 
000013c1  I2CMCommand                    
00002bd5  I2CMInit                       
000008a9  I2CMIntHandler                 
00001649  I2CMReadModifyWrite8           
00003075  I2CM_I2C0_IntHandler           
000030f3  I2CMasterControl               
000030f7  I2CMasterDataGet               
000030fb  I2CMasterDataPut               
000030b1  I2CMasterEnable                
000023bd  I2CMasterInitExpClk            
000030bb  I2CMasterIntClear              
000030c3  I2CMasterIntEnableEx           
000030cb  I2CMasterSlaveAddrSet          
000030ff  I2CMasterTimeoutSet            
000019dd  IntDisable                     
00001a45  IntEnable                      
00001c45  IntIsEnabled                   
00002c09  IntRegister                    
00003081  IntTrigger                     
20007d4d  LED_value                      
0000188d  MPU6050DataAccelGetFloat       
0000217d  MPU6050DataRead                
00000e15  MPU6050GetAccelChange          
00000f7d  MPU6050GetAccelMean            
00002015  MPU6050Init                    
00000ecd  MPU6050Initialize              
00001ca9  MPU6050ReadInit                
00002455  MPU6050ReadModifyWrite         
20007a24  PIRBuffer                      
00002f1d  PIRSensorInit                  
00002a01  PIRTaskInit                    
20007a00  PIR_Q                          
000030e1  ResetISR                       
UNDEFED   SHT$$INIT_ARRAY$$Base          
UNDEFED   SHT$$INIT_ARRAY$$Limit         
20007a1e  SOUNDBuffer                    
20007a04  SOUND_Q                        
00002c71  SysCtlPeripheralEnable         
000030e7  UARTClockSourceSet             
00001e35  UARTStdioConfig                
00002eb7  UARTprintf                     
0000026d  UARTvprintf                    
00002665  UARTwrite                      
20007a08  UI_Q                           
20007c28  __STACK_END                    
00000200  __STACK_SIZE                   
20007c28  __STACK_TOP                    
000032a8  __TI_CINIT_Base                
000032c0  __TI_CINIT_Limit               
00003288  __TI_Handler_Table_Base        
00003294  __TI_Handler_Table_Limit       
0000196d  __TI_auto_init                 
20007d20  __TI_cleanup_ptr               
00001aad  __TI_decompress_lzss           
00003065  __TI_decompress_none           
20007d24  __TI_dtors_ptr                 
20007d28  __TI_enable_exit_profile_output
ffffffff  __TI_pprof_out_hndl            
ffffffff  __TI_prof_data_size            
ffffffff  __TI_prof_data_start           
00000000  __TI_static_base__             
0000308d  __TI_zero_init                 
0000181b  __aeabi_idiv0                  
000015cd  __aeabi_memclr                 
000015cd  __aeabi_memclr4                
000015cd  __aeabi_memclr8                
000010d5  __aeabi_memcpy                 
000010d5  __aeabi_memcpy4                
000010d5  __aeabi_memcpy8                
000015cf  __aeabi_memset                 
000015cf  __aeabi_memset4                
000015cf  __aeabi_memset8                
000028c5  __aeabi_uidiv                  
000028c5  __aeabi_uidivmod               
ffffffff  __binit__                      
ffffffff  __c_args__                     
00001dd3  __mpu_init                     
20007a28  __stack                        
00002f4d  _args_main                     
000021d1  _c_int00                       
20007d38  _lock                          
00002fe7  _nop                           
00002fdf  _register_lock                 
00002fd9  _register_unlock               
00002013  _system_post_cinit             
00003103  _system_pre_init               
20007d3c  _unlock                        
00002229  abort                          
00002735  accelerometerTaskInit          
20007a0c  bUI_Q                          
ffffffff  binit                          
0000236d  buttonInit                     
00002a3d  buttonTaskInit                 
20007d34  buttonValue                    
20007a20  co2Value                       
00002539  copy_in                        
00002231  exit                           
20000000  g_pfnRAMVectors                
00000000  g_pfnVectors                   
000016c1  getButtonValue                 
00002fc5  getCO2Value                    
00003025  getPIRValue                    
00003035  getSoundValue                  
00002779  interpretTaskInit              
20007a10  ledMutexX                      
000024a1  ledTaskInit                    
00001e95  main                           
20007d54  main_func_sp                   
000010d5  memcpy                         
000015d5  memset                         
20007d36  previousValueOne               
20007d37  previousValueTwo               
00002a79  printStringUART                
000018fd  printUARTData                  
00001029  pvPortMalloc                   
00002f35  pvTaskIncrementMutexHeldCount  
20007cf0  pxCurrentTCB                   
00002dd5  pxPortInitialiseStack          
20007a22  queueValue                     
20007d4e  receive_buffer                 
00001b15  soundDetectorInit              
00002ab5  soundTaskInit                  
20007a14  uartMutexX                     
00003260  ulMaxSyscallInterruptPriority  
00000d51  ulPortGetIPSR                  
00002e43  uxListRemove                   
0000217b  vApplicationStackOverflowHook  
00002fad  vListInitialise                
000030ed  vListInitialiseItem            
00002b67  vListInsert                    
00002f65  vListInsertEnd                 
00000e05  vPortEnableVFP                 
00002e81  vPortEnterCritical             
00002f7d  vPortExitCritical              
000027bd  vPortFree                      
00000dc9  vPortSVCHandler                
00002fed  vPortSetupTimerInterrupt       
00000de9  vPortStartFirstTask            
00002071  vTaskDelay                     
00001449  vTaskDelayUntil                
00002663  vTaskInitError                 
00003099  vTaskMissedYield               
00001d0d  vTaskPlaceOnEventList          
000012a1  vTaskPriorityInherit           
00002f95  vTaskSetTimeOutState           
00001f55  vTaskStartScheduler            
00003055  vTaskSuspendAll                
00001335  vTaskSwitchContext             
200079cc  x                              
20007a18  xMutexX                        
00000d69  xPortPendSVHandler             
00002905  xPortStartScheduler            
00002d05  xPortSysTickHandler            
00002585  xQueueCreateMutex              
00002af1  xQueueGenericCreate            
00000589  xQueueGenericReceive           
000014cd  xQueueGenericReset             
00000b75  xQueueGenericSend              
00001209  xQueuesCreated                 
00002945  xSemaphoresCreated             
00002279  xTaskCheckForTimeOut           
000006a1  xTaskGenericCreate             
000030a5  xTaskGetTickCount              
000007a5  xTaskIncrementTick             
00001551  xTaskPriorityDisinherit        
00001735  xTaskRemoveFromEventList       
00000c5d  xTaskResumeAll                 


GLOBAL SYMBOLS: SORTED BY Symbol Address 

address   name                           
-------   ----                           
00000000  __TI_static_base__             
00000000  g_pfnVectors                   
00000200  __STACK_SIZE                   
0000026d  UARTvprintf                    
00000457  GPIOPadConfigSet               
00000589  xQueueGenericReceive           
000006a1  xTaskGenericCreate             
000007a5  xTaskIncrementTick             
000008a9  I2CMIntHandler                 
00000b75  xQueueGenericSend              
00000c5d  xTaskResumeAll                 
00000d51  ulPortGetIPSR                  
00000d69  xPortPendSVHandler             
00000dc9  vPortSVCHandler                
00000de9  vPortStartFirstTask            
00000e05  vPortEnableVFP                 
00000e15  MPU6050GetAccelChange          
00000ecd  MPU6050Initialize              
00000f7d  MPU6050GetAccelMean            
00001029  pvPortMalloc                   
000010d5  __aeabi_memcpy                 
000010d5  __aeabi_memcpy4                
000010d5  __aeabi_memcpy8                
000010d5  memcpy                         
00001209  xQueuesCreated                 
000012a1  vTaskPriorityInherit           
00001335  vTaskSwitchContext             
000013c1  I2CMCommand                    
00001449  vTaskDelayUntil                
000014cd  xQueueGenericReset             
00001551  xTaskPriorityDisinherit        
000015cd  __aeabi_memclr                 
000015cd  __aeabi_memclr4                
000015cd  __aeabi_memclr8                
000015cf  __aeabi_memset                 
000015cf  __aeabi_memset4                
000015cf  __aeabi_memset8                
000015d5  memset                         
00001649  I2CMReadModifyWrite8           
000016c1  getButtonValue                 
00001735  xTaskRemoveFromEventList       
0000181b  __aeabi_idiv0                  
0000188d  MPU6050DataAccelGetFloat       
000018fd  printUARTData                  
0000196d  __TI_auto_init                 
000019dd  IntDisable                     
00001a45  IntEnable                      
00001aad  __TI_decompress_lzss           
00001b15  soundDetectorInit              
00001b7d  CO2SensorInit                  
00001be1  ConfigureUART                  
00001c45  IntIsEnabled                   
00001ca9  MPU6050ReadInit                
00001d0d  vTaskPlaceOnEventList          
00001dd3  __mpu_init                     
00001e35  UARTStdioConfig                
00001e95  main                           
00001f55  vTaskStartScheduler            
00002013  _system_post_cinit             
00002015  MPU6050Init                    
00002071  vTaskDelay                     
0000217b  vApplicationStackOverflowHook  
0000217d  MPU6050DataRead                
000021d1  _c_int00                       
00002225  C$$EXIT                        
00002229  abort                          
00002231  exit                           
00002279  xTaskCheckForTimeOut           
0000236d  buttonInit                     
000023bd  I2CMasterInitExpClk            
00002455  MPU6050ReadModifyWrite         
000024a1  ledTaskInit                    
00002539  copy_in                        
00002585  xQueueCreateMutex              
00002663  vTaskInitError                 
00002665  UARTwrite                      
00002735  accelerometerTaskInit          
00002779  interpretTaskInit              
000027bd  vPortFree                      
000028c5  __aeabi_uidiv                  
000028c5  __aeabi_uidivmod               
00002905  xPortStartScheduler            
00002945  xSemaphoresCreated             
000029c5  CO2TaskInit                    
00002a01  PIRTaskInit                    
00002a3d  buttonTaskInit                 
00002a79  printStringUART                
00002ab5  soundTaskInit                  
00002af1  xQueueGenericCreate            
00002b67  vListInsert                    
00002bd5  I2CMInit                       
00002c09  IntRegister                    
00002c71  SysCtlPeripheralEnable         
00002d05  xPortSysTickHandler            
00002d31  GPIODirModeSet                 
00002dd5  pxPortInitialiseStack          
00002e43  uxListRemove                   
00002e81  vPortEnterCritical             
00002eb7  UARTprintf                     
00002f05  I2CIntRegister                 
00002f1d  PIRSensorInit                  
00002f35  pvTaskIncrementMutexHeldCount  
00002f4d  _args_main                     
00002f65  vListInsertEnd                 
00002f7d  vPortExitCritical              
00002f95  vTaskSetTimeOutState           
00002fad  vListInitialise                
00002fc5  getCO2Value                    
00002fd9  _register_unlock               
00002fdf  _register_lock                 
00002fe7  _nop                           
00002fed  vPortSetupTimerInterrupt       
00003001  GPIOPinTypeGPIOInput           
00003025  getPIRValue                    
00003035  getSoundValue                  
00003055  vTaskSuspendAll                
00003065  __TI_decompress_none           
00003075  I2CM_I2C0_IntHandler           
00003081  IntTrigger                     
0000308d  __TI_zero_init                 
00003099  vTaskMissedYield               
000030a5  xTaskGetTickCount              
000030b1  I2CMasterEnable                
000030bb  I2CMasterIntClear              
000030c3  I2CMasterIntEnableEx           
000030cb  I2CMasterSlaveAddrSet          
000030db  GPIOPinRead                    
000030e1  ResetISR                       
000030e7  UARTClockSourceSet             
000030ed  vListInitialiseItem            
000030f3  I2CMasterControl               
000030f7  I2CMasterDataGet               
000030fb  I2CMasterDataPut               
000030ff  I2CMasterTimeoutSet            
00003103  _system_pre_init               
00003260  ulMaxSyscallInterruptPriority  
00003288  __TI_Handler_Table_Base        
00003294  __TI_Handler_Table_Limit       
000032a8  __TI_CINIT_Base                
000032c0  __TI_CINIT_Limit               
20000000  g_pfnRAMVectors                
200079c0  ACCValue                       
200079cc  x                              
200079f8  ACC_Q                          
200079fc  CO2_Q                          
20007a00  PIR_Q                          
20007a04  SOUND_Q                        
20007a08  UI_Q                           
20007a0c  bUI_Q                          
20007a10  ledMutexX                      
20007a14  uartMutexX                     
20007a18  xMutexX                        
20007a1c  CO2Buffer                      
20007a1e  SOUNDBuffer                    
20007a20  co2Value                       
20007a22  queueValue                     
20007a24  PIRBuffer                      
20007a28  __stack                        
20007c28  __STACK_END                    
20007c28  __STACK_TOP                    
20007cf0  pxCurrentTCB                   
20007d20  __TI_cleanup_ptr               
20007d24  __TI_dtors_ptr                 
20007d28  __TI_enable_exit_profile_output
20007d2c  CO2Count                       
20007d30  CO2Value                       
20007d34  buttonValue                    
20007d36  previousValueOne               
20007d37  previousValueTwo               
20007d38  _lock                          
20007d3c  _unlock                        
20007d4d  LED_value                      
20007d4e  receive_buffer                 
20007d54  main_func_sp                   
ffffffff  __TI_pprof_out_hndl            
ffffffff  __TI_prof_data_size            
ffffffff  __TI_prof_data_start           
ffffffff  __binit__                      
ffffffff  __c_args__                     
ffffffff  binit                          
UNDEFED   SHT$$INIT_ARRAY$$Base          
UNDEFED   SHT$$INIT_ARRAY$$Limit         

[182 symbols]
